Archive member included to satisfy reference by file (symbol)

c:/adroit/tools/avr8-gnu-toolchain/bin/../lib/gcc/avr/5.4.0/avr51\libgcc.a(_udivmodhi4.o)
                              obj\Release\12. IMU dengan DMP\main.o (__udivmodhi4)
c:/adroit/tools/avr8-gnu-toolchain/bin/../lib/gcc/avr/5.4.0/avr51\libgcc.a(_divmodhi4.o)
                              obj\Release\12. IMU dengan DMP\main.o (__divmodhi4)
c:/adroit/tools/avr8-gnu-toolchain/bin/../lib/gcc/avr/5.4.0/avr51\libgcc.a(_udivmodsi4.o)
                              obj\Release\12. IMU dengan DMP\main.o (__udivmodsi4)
c:/adroit/tools/avr8-gnu-toolchain/bin/../lib/gcc/avr/5.4.0/avr51\libgcc.a(_exit.o)
                              c:/adroit/tools/avr8-gnu-toolchain/bin/../lib/gcc/avr/5.4.0/../../../../avr/lib/avr51/crtatmega128.o (exit)
c:/adroit/tools/avr8-gnu-toolchain/bin/../lib/gcc/avr/5.4.0/avr51\libgcc.a(_copy_data.o)
                              obj\Release\12. IMU dengan DMP\main.o (__do_copy_data)
c:/adroit/tools/avr8-gnu-toolchain/bin/../lib/gcc/avr/5.4.0/avr51\libgcc.a(_clear_bss.o)
                              obj\Release\12. IMU dengan DMP\main.o (__do_clear_bss)
c:/adroit/tools/avr8-gnu-toolchain/bin/../lib/gcc/avr/5.4.0/avr51\libgcc.a(_ctors.o)
                              obj\Release\12. IMU dengan DMP\main.o (__do_global_ctors)
c:/adroit/tools/avr8-gnu-toolchain/bin/../lib/gcc/avr/5.4.0/avr51\libgcc.a(_bswapsi2.o)
                              obj\Release\12. IMU dengan DMP\main.o (__bswapsi2)
c:/adroit/tools/avr8-gnu-toolchain/bin/../lib/gcc/avr/5.4.0/avr51\libgcc.a(_umulhisi3.o)
                              obj\Release\12. IMU dengan DMP\main.o (__umulhisi3)
c:/adroit/tools/avr8-gnu-toolchain/bin/../lib/gcc/avr/5.4.0/avr51\libgcc.a(_tablejump2.o)
                              c:/adroit/tools/avr8-gnu-toolchain/bin/../lib/gcc/avr/5.4.0/avr51\libgcc.a(_ctors.o) (__tablejump2__)
c:/adroit/tools/avr8-gnu-toolchain/bin/../lib/gcc/avr/5.4.0/../../../../avr/lib/avr51\libm.a(addsf3.o)
                              obj\Release\12. IMU dengan DMP\main.o (__subsf3)
c:/adroit/tools/avr8-gnu-toolchain/bin/../lib/gcc/avr/5.4.0/../../../../avr/lib/avr51\libm.a(addsf3x.o)
                              c:/adroit/tools/avr8-gnu-toolchain/bin/../lib/gcc/avr/5.4.0/../../../../avr/lib/avr51\libm.a(addsf3.o) (__addsf3x)
c:/adroit/tools/avr8-gnu-toolchain/bin/../lib/gcc/avr/5.4.0/../../../../avr/lib/avr51\libm.a(atan2.o)
                              obj\Release\12. IMU dengan DMP\main.o (atan2)
c:/adroit/tools/avr8-gnu-toolchain/bin/../lib/gcc/avr/5.4.0/../../../../avr/lib/avr51\libm.a(atan.o)
                              c:/adroit/tools/avr8-gnu-toolchain/bin/../lib/gcc/avr/5.4.0/../../../../avr/lib/avr51\libm.a(atan2.o) (atan)
c:/adroit/tools/avr8-gnu-toolchain/bin/../lib/gcc/avr/5.4.0/../../../../avr/lib/avr51\libm.a(cmpsf2.o)
                              obj\Release\12. IMU dengan DMP\main.o (__ltsf2)
c:/adroit/tools/avr8-gnu-toolchain/bin/../lib/gcc/avr/5.4.0/../../../../avr/lib/avr51\libm.a(divsf3.o)
                              obj\Release\12. IMU dengan DMP\main.o (__divsf3)
c:/adroit/tools/avr8-gnu-toolchain/bin/../lib/gcc/avr/5.4.0/../../../../avr/lib/avr51\libm.a(divsf3x.o)
                              c:/adroit/tools/avr8-gnu-toolchain/bin/../lib/gcc/avr/5.4.0/../../../../avr/lib/avr51\libm.a(divsf3.o) (__divsf3x)
c:/adroit/tools/avr8-gnu-toolchain/bin/../lib/gcc/avr/5.4.0/../../../../avr/lib/avr51\libm.a(fixsfsi.o)
                              obj\Release\12. IMU dengan DMP\main.o (__fixsfsi)
c:/adroit/tools/avr8-gnu-toolchain/bin/../lib/gcc/avr/5.4.0/../../../../avr/lib/avr51\libm.a(fixunssfsi.o)
                              obj\Release\12. IMU dengan DMP\main.o (__fixunssfsi)
c:/adroit/tools/avr8-gnu-toolchain/bin/../lib/gcc/avr/5.4.0/../../../../avr/lib/avr51\libm.a(floatsisf.o)
                              obj\Release\12. IMU dengan DMP\main.o (__floatsisf)
c:/adroit/tools/avr8-gnu-toolchain/bin/../lib/gcc/avr/5.4.0/../../../../avr/lib/avr51\libm.a(fp_cmp.o)
                              c:/adroit/tools/avr8-gnu-toolchain/bin/../lib/gcc/avr/5.4.0/../../../../avr/lib/avr51\libm.a(cmpsf2.o) (__fp_cmp)
c:/adroit/tools/avr8-gnu-toolchain/bin/../lib/gcc/avr/5.4.0/../../../../avr/lib/avr51\libm.a(fp_inf.o)
                              c:/adroit/tools/avr8-gnu-toolchain/bin/../lib/gcc/avr/5.4.0/../../../../avr/lib/avr51\libm.a(addsf3x.o) (__fp_inf)
c:/adroit/tools/avr8-gnu-toolchain/bin/../lib/gcc/avr/5.4.0/../../../../avr/lib/avr51\libm.a(fp_nan.o)
                              c:/adroit/tools/avr8-gnu-toolchain/bin/../lib/gcc/avr/5.4.0/../../../../avr/lib/avr51\libm.a(addsf3x.o) (__fp_nan)
c:/adroit/tools/avr8-gnu-toolchain/bin/../lib/gcc/avr/5.4.0/../../../../avr/lib/avr51\libm.a(fp_powser.o)
                              c:/adroit/tools/avr8-gnu-toolchain/bin/../lib/gcc/avr/5.4.0/../../../../avr/lib/avr51\libm.a(atan.o) (__fp_powser)
[...]
Memory Configuration

Name             Origin             Length             Attributes
text             0x00000000         0x00020000         xr
data             0x00800100         0x0000ff00         rw !x
eeprom           0x00810000         0x00010000         rw !x
fuse             0x00820000         0x00000003         rw !x
lock             0x00830000         0x00000400         rw !x
signature        0x00840000         0x00000400         rw !x
user_signatures  0x00850000         0x00000400         rw !x
*default*        0x00000000         0xffffffff

Linker script and memory map

Address of section .data set to 0x800100
LOAD c:/adroit/tools/avr8-gnu-toolchain/bin/../lib/gcc/avr/5.4.0/../../../../avr/lib/avr51/crtatmega128.o
LOAD obj\Release\12. IMU dengan DMP\main.o
LOAD c:/adroit/tools/avr8-gnu-toolchain/bin/../lib/gcc/avr/5.4.0/avr51\libgcc.a
LOAD c:/adroit/tools/avr8-gnu-toolchain/bin/../lib/gcc/avr/5.4.0/../../../../avr/lib/avr51\libm.a
START GROUP
LOAD c:/adroit/tools/avr8-gnu-toolchain/bin/../lib/gcc/avr/5.4.0/avr51\libgcc.a
LOAD c:/adroit/tools/avr8-gnu-toolchain/bin/../lib/gcc/avr/5.4.0/../../../../avr/lib/avr51\libm.a
LOAD c:/adroit/tools/avr8-gnu-toolchain/bin/../lib/gcc/avr/5.4.0/../../../../avr/lib/avr51\libc.a
LOAD c:/adroit/tools/avr8-gnu-toolchain/bin/../lib/gcc/avr/5.4.0/../../../../avr/lib/avr51\libatmega128.a
END GROUP
                0x00020000                __TEXT_REGION_LENGTH__ = DEFINED (__TEXT_REGION_LENGTH__)?__TEXT_REGION_LENGTH__:0x20000
                0x0000ff00                __DATA_REGION_LENGTH__ = DEFINED (__DATA_REGION_LENGTH__)?__DATA_REGION_LENGTH__:0xff00
                0x00010000                __EEPROM_REGION_LENGTH__ = DEFINED (__EEPROM_REGION_LENGTH__)?__EEPROM_REGION_LENGTH__:0x10000
                [0x00000003]                __FUSE_REGION_LENGTH__ = DEFINED (__FUSE_REGION_LENGTH__)?__FUSE_REGION_LENGTH__:0x400
                0x00000400                __LOCK_REGION_LENGTH__ = DEFINED (__LOCK_REGION_LENGTH__)?__LOCK_REGION_LENGTH__:0x400
                0x00000400                __SIGNATURE_REGION_LENGTH__ = DEFINED (__SIGNATURE_REGION_LENGTH__)?__SIGNATURE_REGION_LENGTH__:0x400
                0x00000400                __USER_SIGNATURE_REGION_LENGTH__ = DEFINED (__USER_SIGNATURE_REGION_LENGTH__)?__USER_SIGNATURE_REGION_LENGTH__:0x400

.hash
 *(.hash)

.dynsym
 *(.dynsym)

.dynstr
 *(.dynstr)

.gnu.version
 *(.gnu.version)

.gnu.version_d
 *(.gnu.version_d)

.gnu.version_r
 *(.gnu.version_r)

.rel.init
 *(.rel.init)

.rela.init
 *(.rela.init)

.rel.text
 *(.rel.text)
 *(.rel.text.*)
 *(.rel.gnu.linkonce.t*)

.rela.text
 *(.rela.text)
 *(.rela.text.*)
 *(.rela.gnu.linkonce.t*)

.rel.fini
 *(.rel.fini)

.rela.fini
 *(.rela.fini)

.rel.rodata
 *(.rel.rodata)
 *(.rel.rodata.*)
 *(.rel.gnu.linkonce.r*)

.rela.rodata
 *(.rela.rodata)
 *(.rela.rodata.*)
 *(.rela.gnu.linkonce.r*)

.rel.data
 *(.rel.data)
 *(.rel.data.*)
 *(.rel.gnu.linkonce.d*)

.rela.data
 *(.rela.data)
 *(.rela.data.*)
 *(.rela.gnu.linkonce.d*)

.rel.ctors
 *(.rel.ctors)

.rela.ctors
 *(.rela.ctors)

.rel.dtors
 *(.rel.dtors)

.rela.dtors
 *(.rela.dtors)

.rel.got
 *(.rel.got)

.rela.got
 *(.rela.got)

.rel.bss
 *(.rel.bss)

.rela.bss
 *(.rela.bss)

.rel.plt
 *(.rel.plt)

.rela.plt
 *(.rela.plt)

.text           0x00000000     0x49b2
 *(.vectors)
 .vectors       0x00000000       0x8c c:/adroit/tools/avr8-gnu-toolchain/bin/../lib/gcc/avr/5.4.0/../../../../avr/lib/avr51/crtatmega128.o
                0x00000000                __vector_default
                0x00000000                __vectors
 *(.vectors)
 *(.progmem.gcc*)
 .progmem.gcc_fplib
                0x0000008c       0x2d c:/adroit/tools/avr8-gnu-toolchain/bin/../lib/gcc/avr/5.4.0/../../../../avr/lib/avr51\libm.a(atan.o)
                0x000000ba                . = ALIGN (0x2)
 *fill*         0x000000b9        0x1 
                0x000000ba                __trampolines_start = .
 *(.trampolines)
 .trampolines   0x000000ba        0x0 linker stubs
 *(.trampolines*)
                0x000000ba                __trampolines_end = .
 *libprintf_flt.a:*(.progmem.data)
 *libc.a:*(.progmem.data)
 *(.progmem*)
 .progmem.data  0x000000ba      0x835 obj\Release\12. IMU dengan DMP\main.o
                0x000008f0                . = ALIGN (0x2)
 *fill*         0x000008ef        0x1 
 *(.jumptables)
 *(.jumptables*)
 *(.lowtext)
 *(.lowtext*)
                0x000008f0                __ctors_start = .
 *(.ctors)
 .ctors         0x000008f0        0x2 obj\Release\12. IMU dengan DMP\main.o
                0x000008f2                __ctors_end = .
                0x000008f2                __dtors_start = .
 *(.dtors)
                0x000008f2                __dtors_end = .
 SORT(*)(.ctors)
 SORT(*)(.dtors)
 *(.init0)
 .init0         0x000008f2        0x0 c:/adroit/tools/avr8-gnu-toolchain/bin/../lib/gcc/avr/5.4.0/../../../../avr/lib/avr51/crtatmega128.o
                0x000008f2                __init
 *(.init0)
 *(.init1)
 *(.init1)
 *(.init2)
 .init2         0x000008f2        0xc c:/adroit/tools/avr8-gnu-toolchain/bin/../lib/gcc/avr/5.4.0/../../../../avr/lib/avr51/crtatmega128.o
 *(.init2)
 *(.init3)
 *(.init3)
 *(.init4)
 .init4         0x000008fe       0x1a c:/adroit/tools/avr8-gnu-toolchain/bin/../lib/gcc/avr/5.4.0/avr51\libgcc.a(_copy_data.o)
                0x000008fe                __do_copy_data
 .init4         0x00000918       0x10 c:/adroit/tools/avr8-gnu-toolchain/bin/../lib/gcc/avr/5.4.0/avr51\libgcc.a(_clear_bss.o)
                0x00000918                __do_clear_bss
 *(.init4)
 *(.init5)
 *(.init5)
 *(.init6)
 .init6         0x00000928       0x16 c:/adroit/tools/avr8-gnu-toolchain/bin/../lib/gcc/avr/5.4.0/avr51\libgcc.a(_ctors.o)
                0x00000928                __do_global_ctors
 *(.init6)
 *(.init7)
 *(.init7)
 *(.init8)
 *(.init8)
 *(.init9)
 .init9         0x0000093e        0x8 c:/adroit/tools/avr8-gnu-toolchain/bin/../lib/gcc/avr/5.4.0/../../../../avr/lib/avr51/crtatmega128.o
 *(.init9)
 *(.text)
 .text          0x00000946        0x4 c:/adroit/tools/avr8-gnu-toolchain/bin/../lib/gcc/avr/5.4.0/../../../../avr/lib/avr51/crtatmega128.o
                0x00000946                __vector_22
                0x00000946                __vector_1
                0x00000946                __vector_32
                0x00000946                __vector_34
                0x00000946                __vector_24
                0x00000946                __vector_12
                0x00000946                __bad_interrupt
                0x00000946                __vector_6
                0x00000946                __vector_31
                0x00000946                __vector_3
                0x00000946                __vector_23
                0x00000946                __vector_25
                0x00000946                __vector_13
                0x00000946                __vector_17
                0x00000946                __vector_19
                0x00000946                __vector_27
                0x00000946                __vector_5
                0x00000946                __vector_33
                0x00000946                __vector_4
                0x00000946                __vector_2
                0x00000946                __vector_21
                0x00000946                __vector_15
                0x00000946                __vector_29
                0x00000946                __vector_26
                0x00000946                __vector_10
                0x00000946                __vector_16
                0x00000946                __vector_18
                0x00000946                __vector_20
                0x0000094a                . = ALIGN (0x2)
 *(.text.*)
 .text._ZN5myLCD4DataEh.constprop.44
                0x0000094a       0x52 obj\Release\12. IMU dengan DMP\main.o
 .text._ZN5myLCD8PerintahEh.constprop.45
                0x0000099c       0x56 obj\Release\12. IMU dengan DMP\main.o
 .text._ZN5myLCD9TulisKiriEhPKc.constprop.41
                0x000009f2       0x50 obj\Release\12. IMU dengan DMP\main.o
 .text._ZN5myADC9CekBatereEv.part.14
                0x00000a42       0xdc obj\Release\12. IMU dengan DMP\main.o
 .text._ZN5myADC9CekBatereEv.constprop.38
                0x00000b1e       0x2a obj\Release\12. IMU dengan DMP\main.o
 .text._ZN5myI2C9WriteByteEhhh.constprop.61
                0x00000b48       0x70 obj\Release\12. IMU dengan DMP\main.o
 .text._ZN5myI2C8ReadByteEhhPh.constprop.62
                0x00000bb8       0xb2 obj\Release\12. IMU dengan DMP\main.o
 .text._ZN5myI2C9WriteBitsEhhhhh.part.19.constprop.60
                0x00000c6a       0x8c obj\Release\12. IMU dengan DMP\main.o
 .text._ZN5myI2C8WriteBitEhhhh.constprop.34
                0x00000cf6       0x5a obj\Release\12. IMU dengan DMP\main.o
 .text._ZN5myI2C9ReadBytesEhhhPh.part.16.constprop.37
                0x00000d50       0xe0 obj\Release\12. IMU dengan DMP\main.o
 .text._ZN7MPU605016writeMemoryBlockEPKhjhhhh.constprop.32
                0x00000e30      0x2bc obj\Release\12. IMU dengan DMP\main.o
 .text._ZN7MPU605024writeDMPConfigurationSetEPKhjh.constprop.31
                0x000010ec       0xfe obj\Release\12. IMU dengan DMP\main.o
 .text.__vector_30
                0x000011ea       0x96 obj\Release\12. IMU dengan DMP\main.o
                0x000011ea                __vector_30
 .text._ZN8myBuzzer5Nada2Ev
                0x00001280       0xfe obj\Release\12. IMU dengan DMP\main.o
                0x00001280                _ZN8myBuzzer5Nada2Ev
 .text._ZN8myBuzzer9NadaErrorEv
                0x0000137e       0x92 obj\Release\12. IMU dengan DMP\main.o
                0x0000137e                _ZN8myBuzzer9NadaErrorEv
 .text._ZN5myLCD8PerintahEh
                0x00001410       0x5e obj\Release\12. IMU dengan DMP\main.o
                0x00001410                _ZN5myLCD8PerintahEh
 .text._ZN5myLCD4DataEh
                0x0000146e       0x52 obj\Release\12. IMU dengan DMP\main.o
                0x0000146e                _ZN5myLCD4DataEh
 .text._ZN5myLCD4InitEv
                0x000014c0       0xaa obj\Release\12. IMU dengan DMP\main.o
                0x000014c0                _ZN5myLCD4InitEv
 .text._ZN5myLCD10HapusBarisEh
                0x0000156a       0x64 obj\Release\12. IMU dengan DMP\main.o
                0x0000156a                _ZN5myLCD10HapusBarisEh
 .text._ZN5myLCD7Angka5uEj
                0x000015ce      0x132 obj\Release\12. IMU dengan DMP\main.o
                0x000015ce                _ZN5myLCD7Angka5uEj
 .text._ZN5myLCD7Angka4uEj
                0x00001700       0xee obj\Release\12. IMU dengan DMP\main.o
                0x00001700                _ZN5myLCD7Angka4uEj
 .text._ZN5myLCD7Angka3uEj
                0x000017ee       0xa8 obj\Release\12. IMU dengan DMP\main.o
                0x000017ee                _ZN5myLCD7Angka3uEj
 .text._ZN5myLCD5FloatEfh.constprop.39
                0x00001896      0x12a obj\Release\12. IMU dengan DMP\main.o
 .text._ZN7MPU605010initializeEv
                0x000019c0       0x42 obj\Release\12. IMU dengan DMP\main.o
                0x000019c0                _ZN7MPU605010initializeEv
 .text._ZN7MPU605012getFIFOCountEv
                0x00001a02       0xc0 obj\Release\12. IMU dengan DMP\main.o
                0x00001a02                _ZN7MPU605012getFIFOCountEv
 .text._ZN7MPU605015readMemoryBlockEPhjhh
                0x00001ac2      0x10e obj\Release\12. IMU dengan DMP\main.o
                0x00001ac2                _ZN7MPU605015readMemoryBlockEPhjhh
 .text._ZN5myDMP21dmpGetQuaternion16BitEv
                0x00001bd0      0x1c8 obj\Release\12. IMU dengan DMP\main.o
                0x00001bd0                _ZN5myDMP21dmpGetQuaternion16BitEv
 .text._ZN5myDMP7InitDMPEv
                0x00001d98      0x490 obj\Release\12. IMU dengan DMP\main.o
                0x00001d98                _ZN5myDMP7InitDMPEv
 .text.__vector_7
                0x00002228       0x5c obj\Release\12. IMU dengan DMP\main.o
                0x00002228                __vector_7
 .text.__vector_8
                0x00002284       0x5c obj\Release\12. IMU dengan DMP\main.o
                0x00002284                __vector_8
 .text.__vector_28
                0x000022e0      0x100 obj\Release\12. IMU dengan DMP\main.o
                0x000022e0                __vector_28
 .text.__vector_11
                0x000023e0       0x44 obj\Release\12. IMU dengan DMP\main.o
                0x000023e0                __vector_11
 .text.__vector_14
                0x00002424      0x122 obj\Release\12. IMU dengan DMP\main.o
                0x00002424                __vector_14
 .text.__vector_9
                0x00002546       0x86 obj\Release\12. IMU dengan DMP\main.o
                0x00002546                __vector_9
 .text._Z10SystemInitv
                0x000025cc      0x36c obj\Release\12. IMU dengan DMP\main.o
                0x000025cc                _Z10SystemInitv
 .text.startup.main
                0x00002938     0x15a2 obj\Release\12. IMU dengan DMP\main.o
                0x00002938                main
 .text.startup._GLOBAL__sub_I__Z8delay_msj
                0x00003eda       0x56 obj\Release\12. IMU dengan DMP\main.o
 .text.libgcc.div
                0x00003f30       0x28 c:/adroit/tools/avr8-gnu-toolchain/bin/../lib/gcc/avr/5.4.0/avr51\libgcc.a(_udivmodhi4.o)
                0x00003f30                __udivmodhi4
 .text.libgcc.div
                0x00003f58       0x28 c:/adroit/tools/avr8-gnu-toolchain/bin/../lib/gcc/avr/5.4.0/avr51\libgcc.a(_divmodhi4.o)
                0x00003f58                _div
                0x00003f58                __divmodhi4
 .text.libgcc.mul
                0x00003f80       0x1e c:/adroit/tools/avr8-gnu-toolchain/bin/../lib/gcc/avr/5.4.0/avr51\libgcc.a(_umulhisi3.o)
                0x00003f80                __umulhisi3
 .text.libgcc   0x00003f9e       0x12 c:/adroit/tools/avr8-gnu-toolchain/bin/../lib/gcc/avr/5.4.0/avr51\libgcc.a(_tablejump2.o)
                0x00003f9e                __tablejump2__
 .text.avr-libc.fplib
                0x00003fb0        0xe c:/adroit/tools/avr8-gnu-toolchain/bin/../lib/gcc/avr/5.4.0/../../../../avr/lib/avr51\libm.a(addsf3.o)
                0x00003fb0                __subsf3
                0x00003fb2                __addsf3
 .text.avr-libc.fplib
                0x00003fbe       0xcc c:/adroit/tools/avr8-gnu-toolchain/bin/../lib/gcc/avr/5.4.0/../../../../avr/lib/avr51\libm.a(addsf3x.o)
                0x00003fe0                __addsf3x
 .text.avr-libc.fplib
                0x0000408a       0x86 c:/adroit/tools/avr8-gnu-toolchain/bin/../lib/gcc/avr/5.4.0/../../../../avr/lib/avr51\libm.a(atan2.o)
                0x000040b0                atan2
 .text.avr-libc.fplib
                0x00004110       0x5e c:/adroit/tools/avr8-gnu-toolchain/bin/../lib/gcc/avr/5.4.0/../../../../avr/lib/avr51\libm.a(atan.o)
                0x00004110                atan
 .text.avr-libc.fplib
                0x0000416e        0xa c:/adroit/tools/avr8-gnu-toolchain/bin/../lib/gcc/avr/5.4.0/../../../../avr/lib/avr51\libm.a(cmpsf2.o)
                0x0000416e                __nesf2
                0x0000416e                __eqsf2
                0x0000416e                __cmpsf2
                0x0000416e                __ltsf2
                0x0000416e                __lesf2
 .text.avr-libc.fplib
                0x00004178        0x8 c:/adroit/tools/avr8-gnu-toolchain/bin/../lib/gcc/avr/5.4.0/../../../../avr/lib/avr51\libm.a(divsf3.o)
                0x00004178                __divsf3
 .text.avr-libc.fplib
                0x00004180       0xdc c:/adroit/tools/avr8-gnu-toolchain/bin/../lib/gcc/avr/5.4.0/../../../../avr/lib/avr51\libm.a(divsf3x.o)
                0x000041a0                __divsf3x
                0x000041a6                __divsf3_pse
 .text.avr-libc.fplib
                0x0000425c        0xe c:/adroit/tools/avr8-gnu-toolchain/bin/../lib/gcc/avr/5.4.0/../../../../avr/lib/avr51\libm.a(fixsfsi.o)
                0x0000425c                __fixsfsi
 .text.avr-libc.fplib
                0x0000426a       0x5e c:/adroit/tools/avr8-gnu-toolchain/bin/../lib/gcc/avr/5.4.0/../../../../avr/lib/avr51\libm.a(fixunssfsi.o)
                0x0000426a                __fixunssfsi
 .text.avr-libc.fplib
                0x000042c8       0x7a c:/adroit/tools/avr8-gnu-toolchain/bin/../lib/gcc/avr/5.4.0/../../../../avr/lib/avr51\libm.a(floatsisf.o)
                0x000042c8                __floatunsisf
                0x000042cc                __floatsisf
 .text.avr-libc.fplib
                0x00004342       0x48 c:/adroit/tools/avr8-gnu-toolchain/bin/../lib/gcc/avr/5.4.0/../../../../avr/lib/avr51\libm.a(fp_cmp.o)
                0x00004342                __fp_cmp
 .text.avr-libc.fplib
                0x0000438a        0xc c:/adroit/tools/avr8-gnu-toolchain/bin/../lib/gcc/avr/5.4.0/../../../../avr/lib/avr51\libm.a(fp_inf.o)
                0x0000438a                __fp_inf
 .text.avr-libc.fplib
                0x00004396        0x6 c:/adroit/tools/avr8-gnu-toolchain/bin/../lib/gcc/avr/5.4.0/../../../../avr/lib/avr51\libm.a(fp_nan.o)
                0x00004396                __fp_nan
 .text.avr-libc.fplib
                0x0000439c       0x4e c:/adroit/tools/avr8-gnu-toolchain/bin/../lib/gcc/avr/5.4.0/../../../../avr/lib/avr51\libm.a(fp_powser.o)
                0x0000439c                __fp_powser
 .text.avr-libc.fplib
                0x000043ea        0xe c:/adroit/tools/avr8-gnu-toolchain/bin/../lib/gcc/avr/5.4.0/../../../../avr/lib/avr51\libm.a(fp_pscA.o)
                0x000043ea                __fp_pscA
 .text.avr-libc.fplib
                0x000043f8        0xe c:/adroit/tools/avr8-gnu-toolchain/bin/../lib/gcc/avr/5.4.0/../../../../avr/lib/avr51\libm.a(fp_pscB.o)
                0x000043f8                __fp_pscB
 .text.avr-libc.fplib
                0x00004406       0x22 c:/adroit/tools/avr8-gnu-toolchain/bin/../lib/gcc/avr/5.4.0/../../../../avr/lib/avr51\libm.a(fp_round.o)
                0x00004406                __fp_round
 .text.avr-libc.fplib
                0x00004428       0x44 c:/adroit/tools/avr8-gnu-toolchain/bin/../lib/gcc/avr/5.4.0/../../../../avr/lib/avr51\libm.a(fp_split3.o)
                0x00004428                __fp_split3
                0x00004438                __fp_splitA
 .text.avr-libc.fplib
                0x0000446c        0xe c:/adroit/tools/avr8-gnu-toolchain/bin/../lib/gcc/avr/5.4.0/../../../../avr/lib/avr51\libm.a(fp_zero.o)
                0x0000446c                __fp_zero
                0x0000446e                __fp_szero
 .text.avr-libc.fplib
                0x0000447a        0xa c:/adroit/tools/avr8-gnu-toolchain/bin/../lib/gcc/avr/5.4.0/../../../../avr/lib/avr51\libm.a(gesf2.o)
                0x0000447a                __gesf2
                0x0000447a                __gtsf2
 .text.avr-libc.fplib
                0x00004484       0x10 c:/adroit/tools/avr8-gnu-toolchain/bin/../lib/gcc/avr/5.4.0/../../../../avr/lib/avr51\libm.a(inverse.o)
                0x00004484                inverse
 .text.avr-libc.fplib
                0x00004494        0x8 c:/adroit/tools/avr8-gnu-toolchain/bin/../lib/gcc/avr/5.4.0/../../../../avr/lib/avr51\libm.a(mulsf3.o)
                0x00004494                __mulsf3
 .text.avr-libc.fplib
                0x0000449c       0xd2 c:/adroit/tools/avr8-gnu-toolchain/bin/../lib/gcc/avr/5.4.0/../../../../avr/lib/avr51\libm.a(mulsf3x.o)
                0x000044ba                __mulsf3x
                0x000044c0                __mulsf3_pse
 .text.avr-libc.fplib
                0x0000456e        0x8 c:/adroit/tools/avr8-gnu-toolchain/bin/../lib/gcc/avr/5.4.0/../../../../avr/lib/avr51\libm.a(square.o)
                0x0000456e                square
 .text.avr-libc
                0x00004576      0x242 c:/adroit/tools/avr8-gnu-toolchain/bin/../lib/gcc/avr/5.4.0/../../../../avr/lib/avr51\libc.a(malloc.o)
                0x00004576                malloc
                0x000046a6                free
 .text.avr-libc
                0x000047b8      0x1ca c:/adroit/tools/avr8-gnu-toolchain/bin/../lib/gcc/avr/5.4.0/../../../../avr/lib/avr51\libc.a(realloc.o)
                0x000047b8                realloc
 .text.avr-libc
                0x00004982       0x1a c:/adroit/tools/avr8-gnu-toolchain/bin/../lib/gcc/avr/5.4.0/../../../../avr/lib/avr51\libc.a(memcmp.o)
                0x00004982                memcmp
 .text.avr-libc
                0x0000499c       0x12 c:/adroit/tools/avr8-gnu-toolchain/bin/../lib/gcc/avr/5.4.0/../../../../avr/lib/avr51\libc.a(memcpy.o)
                0x0000499c                memcpy
                0x000049ae                . = ALIGN (0x2)
 *(.fini9)
 .fini9         0x000049ae        0x0 c:/adroit/tools/avr8-gnu-toolchain/bin/../lib/gcc/avr/5.4.0/avr51\libgcc.a(_exit.o)
                0x000049ae                _exit
                0x000049ae                exit
 *(.fini9)
 *(.fini8)
 *(.fini8)
 *(.fini7)
 *(.fini7)
 *(.fini6)
 *(.fini6)
 *(.fini5)
 *(.fini5)
 *(.fini4)
 *(.fini4)
 *(.fini3)
 *(.fini3)
 *(.fini2)
 *(.fini2)
 *(.fini1)
 *(.fini1)
 *(.fini0)
 .fini0         0x000049ae        0x4 c:/adroit/tools/avr8-gnu-toolchain/bin/../lib/gcc/avr/5.4.0/avr51\libgcc.a(_exit.o)
 *(.fini0)
                0x000049b2                _etext = .

.data           0x00800100      0x1c6 load address 0x000049b2
                0x00800100                PROVIDE (__data_start, .)
 *(.data)
 .data          0x00800100        0x2 obj\Release\12. IMU dengan DMP\main.o
 .data          0x00800102        0x6 c:/adroit/tools/avr8-gnu-toolchain/bin/../lib/gcc/avr/5.4.0/../../../../avr/lib/avr51\libc.a(malloc.o)
                0x00800102                __malloc_heap_end
                0x00800104                __malloc_heap_start
                0x00800106                __malloc_margin
 *(.data*)
 *(.gnu.linkonce.d*)
 *(.rodata)
 *(.rodata*)
 .rodata.str1.1
                0x00800108      0x1bd obj\Release\12. IMU dengan DMP\main.o
 *(.gnu.linkonce.r*)
                0x008002c6                . = ALIGN (0x2)
 *fill*         0x008002c5        0x1 
                0x008002c6                _edata = .
                0x008002c6                PROVIDE (__data_end, .)

.bss            0x008002c6       0x90
                0x008002c6                PROVIDE (__bss_start, .)
 *(.bss)
 .bss           0x008002c6       0x8c obj\Release\12. IMU dengan DMP\main.o
                0x008002c6                xxx
                0x008002c8                sensor
                0x008002c9                imu
                0x00800322                i2c
                0x00800323                adc
                0x00800324                lcd
                0x00800325                buzzer
                0x00800326                roda
                0x0080032e                servo
                0x0080032f                dServo4
                0x00800330                dServo3
                0x00800331                dServo2
                0x00800332                dServo1
                0x00800333                dServo5
                0x00800334                rx_buffer_overflow1
                0x00800335                rx_counter1
                0x00800336                rx_rd_index1
                0x00800337                rx_wr_index1
                0x00800338                rx_buffer1
 *(.bss*)
 *(COMMON)
 COMMON         0x00800352        0x4 c:/adroit/tools/avr8-gnu-toolchain/bin/../lib/gcc/avr/5.4.0/../../../../avr/lib/avr51\libc.a(malloc.o)
                0x00800352                __brkval
                0x00800354                __flp
                0x00800356                PROVIDE (__bss_end, .)
                0x000049b2                __data_load_start = LOADADDR (.data)
                0x00004b78                __data_load_end = (__data_load_start + SIZEOF (.data))

.noinit         0x00800356        0x0
                [!provide]                PROVIDE (__noinit_start, .)
 *(.noinit*)
                [!provide]                PROVIDE (__noinit_end, .)
                0x00800356                _end = .
                0x00800356                PROVIDE (__heap_start, .)

.eeprom         0x00810000        0x0
 *(.eeprom*)
                0x00810000                __eeprom_end = .

.fuse
 *(.fuse)
 *(.lfuse)
 *(.hfuse)
 *(.efuse)

.lock
 *(.lock*)

.signature
 *(.signature*)

.user_signatures
 *(.user_signatures*)

.stab
 *(.stab)

.stabstr
 *(.stabstr)

.stab.excl
 *(.stab.excl)

.stab.exclstr
 *(.stab.exclstr)

.stab.index
 *(.stab.index)

.stab.indexstr
 *(.stab.indexstr)

.comment        0x00000000       0x30
 *(.comment)
 .comment       0x00000000       0x30 obj\Release\12. IMU dengan DMP\main.o
                                 0x31 (size before relaxing)
 .comment       0x00000030       0x31 c:/adroit/tools/avr8-gnu-toolchain/bin/../lib/gcc/avr/5.4.0/../../../../avr/lib/avr51\libc.a(malloc.o)
 .comment       0x00000030       0x31 c:/adroit/tools/avr8-gnu-toolchain/bin/../lib/gcc/avr/5.4.0/../../../../avr/lib/avr51\libc.a(realloc.o)

.note.gnu.avr.deviceinfo
                0x00000000       0x3c
 .note.gnu.avr.deviceinfo
                0x00000000       0x3c c:/adroit/tools/avr8-gnu-toolchain/bin/../lib/gcc/avr/5.4.0/../../../../avr/lib/avr51/crtatmega128.o

.note.gnu.build-id
 *(.note.gnu.build-id)

.debug
 *(.debug)

.line
 *(.line)

.debug_srcinfo
 *(.debug_srcinfo)

.debug_sfnames
 *(.debug_sfnames)

.debug_aranges
 *(.debug_aranges)

.debug_pubnames
 *(.debug_pubnames)

.debug_info     0x00000000      0x780
 *(.debug_info .gnu.linkonce.wi.*)
 .debug_info    0x00000000      0x780 c:/adroit/tools/avr8-gnu-toolchain/bin/../lib/gcc/avr/5.4.0/../../../../avr/lib/avr51/crtatmega128.o

.debug_abbrev   0x00000000      0x718
 *(.debug_abbrev)
 .debug_abbrev  0x00000000      0x718 c:/adroit/tools/avr8-gnu-toolchain/bin/../lib/gcc/avr/5.4.0/../../../../avr/lib/avr51/crtatmega128.o

.debug_line     0x00000000       0x1a
 *(.debug_line .debug_line.* .debug_line_end)
 .debug_line    0x00000000       0x1a c:/adroit/tools/avr8-gnu-toolchain/bin/../lib/gcc/avr/5.4.0/../../../../avr/lib/avr51/crtatmega128.o

.debug_frame
 *(.debug_frame)

.debug_str      0x00000000      0x27d
 *(.debug_str)
 .debug_str     0x00000000      0x27d c:/adroit/tools/avr8-gnu-toolchain/bin/../lib/gcc/avr/5.4.0/../../../../avr/lib/avr51/crtatmega128.o

.debug_loc
 *(.debug_loc)

.debug_macinfo
 *(.debug_macinfo)

.debug_weaknames
 *(.debug_weaknames)

.debug_funcnames
 *(.debug_funcnames)

.debug_typenames
 *(.debug_typenames)

.debug_varnames
 *(.debug_varnames)

.debug_pubtypes
 *(.debug_pubtypes)

.debug_ranges
 *(.debug_ranges)

.debug_macro
 *(.debug_macro)
OUTPUT(bin\Release\IMU_DMP.elf elf32-avr)
LOAD linker stubs

Cross Reference Table

Symbol                                            File
_Z10SystemInitv                                   obj\Release\12. IMU dengan DMP\main.o
_Z11BacaSerial1j                                  obj\Release\12. IMU dengan DMP\main.o
_Z12KirimAngka3si                                 obj\Release\12. IMU dengan DMP\main.o
_Z12KirimAngka3uj                                 obj\Release\12. IMU dengan DMP\main.o
_Z12KirimAngka4si                                 obj\Release\12. IMU dengan DMP\main.o
_Z12KirimAngka4ui                                 obj\Release\12. IMU dengan DMP\main.o
_Z12KirimAngka5si                                 obj\Release\12. IMU dengan DMP\main.o
_Z12KirimAngka5uj                                 obj\Release\12. IMU dengan DMP\main.o
_Z4cabsa                                          obj\Release\12. IMU dengan DMP\main.o
_Z4fabsf                                          obj\Release\12. IMU dengan DMP\main.o
_Z4iabsi                                          obj\Release\12. IMU dengan DMP\main.o
_Z7invSqrtf                                       obj\Release\12. IMU dengan DMP\main.o
_Z7inversef                                       obj\Release\12. IMU dengan DMP\main.o
_Z8delay_msj                                      obj\Release\12. IMU dengan DMP\main.o
_Z8getchar1v                                      obj\Release\12. IMU dengan DMP\main.o
_Z8putchar1a                                      obj\Release\12. IMU dengan DMP\main.o
_ZN11myScanGaris10Scan2KananEj                    obj\Release\12. IMU dengan DMP\main.o
_ZN11myScanGaris10Scan3KananEj                    obj\Release\12. IMU dengan DMP\main.o
_ZN11myScanGaris11Scan3TengahEj                   obj\Release\12. IMU dengan DMP\main.o
_ZN11myScanGaris11ScanCounterEji                  obj\Release\12. IMU dengan DMP\main.o
_ZN11myScanGaris12SetArahRobotEh                  obj\Release\12. IMU dengan DMP\main.o
_ZN11myScanGaris13ScanBelokKiriEjhjhh             obj\Release\12. IMU dengan DMP\main.o
_ZN11myScanGaris14ScanBelokKananEjhjhh            obj\Release\12. IMU dengan DMP\main.o
_ZN11myScanGaris15TraceUjungKananEj               obj\Release\12. IMU dengan DMP\main.o
_ZN11myScanGaris16ScanSampaiSensorEjh             obj\Release\12. IMU dengan DMP\main.o
_ZN11myScanGaris16ScanSelamaSensorEjh             obj\Release\12. IMU dengan DMP\main.o
_ZN11myScanGaris17BelokKiriGarisPWMEjj            obj\Release\12. IMU dengan DMP\main.o
_ZN11myScanGaris17TungguSensorMasukEh             obj\Release\12. IMU dengan DMP\main.o
_ZN11myScanGaris17UpdateSensorGarisEhh            obj\Release\12. IMU dengan DMP\main.o
_ZN11myScanGaris18BelokKananGarisPWMEjj           obj\Release\12. IMU dengan DMP\main.o
_ZN11myScanGaris21TungguSensorKiriBelokEv         obj\Release\12. IMU dengan DMP\main.o
_ZN11myScanGaris21UpdateSensorPertigaanEhh        obj\Release\12. IMU dengan DMP\main.o
_ZN11myScanGaris22TungguSensorKananBelokEv        obj\Release\12. IMU dengan DMP\main.o
_ZN11myScanGaris4ScanEj                           obj\Release\12. IMU dengan DMP\main.o
_ZN11myScanGaris9CekSensorEhhPh                   obj\Release\12. IMU dengan DMP\main.o
_ZN11myScanGaris9Scan2KiriEj                      obj\Release\12. IMU dengan DMP\main.o
_ZN11myScanGaris9Scan3KiriEj                      obj\Release\12. IMU dengan DMP\main.o
_ZN11myScanGarisC1Ev                              obj\Release\12. IMU dengan DMP\main.o
_ZN11myScanGarisC2Ev                              obj\Release\12. IMU dengan DMP\main.o
_ZN13mySensorGaris11KalibrasiRBEh                 obj\Release\12. IMU dengan DMP\main.o
_ZN13mySensorGaris11PesanSensorEv                 obj\Release\12. IMU dengan DMP\main.o
_ZN13mySensorGaris12KalibrasiRGBEh                obj\Release\12. IMU dengan DMP\main.o
_ZN13mySensorGaris19PesanKalibrasiGagalEv         obj\Release\12. IMU dengan DMP\main.o
_ZN13mySensorGaris21TungguTombolKalibrasiEhh      obj\Release\12. IMU dengan DMP\main.o
_ZN13mySensorGaris22PesanKalibrasiBerhasilEv      obj\Release\12. IMU dengan DMP\main.o
_ZN13mySensorGaris9BacaGarisEhh                   obj\Release\12. IMU dengan DMP\main.o
_ZN5myADC10BacaBatereEv                           obj\Release\12. IMU dengan DMP\main.o
_ZN5myADC4BacaEh                                  obj\Release\12. IMU dengan DMP\main.o
_ZN5myADC9CekBatereEv                             obj\Release\12. IMU dengan DMP\main.o
_ZN5myADCC1Ev                                     obj\Release\12. IMU dengan DMP\main.o
_ZN5myADCC2Ev                                     obj\Release\12. IMU dengan DMP\main.o
_ZN5myDMP14dmpGetGyroDataEv                       obj\Release\12. IMU dengan DMP\main.o
_ZN5myDMP18dmpGetAcceleroDataEv                   obj\Release\12. IMU dengan DMP\main.o
_ZN5myDMP21dmpGetQuaternion16BitEv                obj\Release\12. IMU dengan DMP\main.o
_ZN5myDMP21dmpGetQuaternion32BitEv                obj\Release\12. IMU dengan DMP\main.o
_ZN5myDMP4InitEv                                  obj\Release\12. IMU dengan DMP\main.o
_ZN5myDMP6getYawEv                                obj\Release\12. IMU dengan DMP\main.o
_ZN5myDMP7InitDMPEv                               obj\Release\12. IMU dengan DMP\main.o
_ZN5myDMP7getRollEv                               obj\Release\12. IMU dengan DMP\main.o
_ZN5myDMP8getPitchEv                              obj\Release\12. IMU dengan DMP\main.o
_ZN5myI2C10Start_WaitEh                           obj\Release\12. IMU dengan DMP\main.o
_ZN5myI2C10WriteBytesEhhhPh                       obj\Release\12. IMU dengan DMP\main.o
_ZN5myI2C4InitEv                                  obj\Release\12. IMU dengan DMP\main.o
_ZN5myI2C4StopEv                                  obj\Release\12. IMU dengan DMP\main.o
_ZN5myI2C5StartEh                                 obj\Release\12. IMU dengan DMP\main.o
_ZN5myI2C5WriteEh                                 obj\Release\12. IMU dengan DMP\main.o
_ZN5myI2C7ReadAckEv                               obj\Release\12. IMU dengan DMP\main.o
_ZN5myI2C7ReadBitEhhhPh                           obj\Release\12. IMU dengan DMP\main.o
_ZN5myI2C7ReadNakEv                               obj\Release\12. IMU dengan DMP\main.o
_ZN5myI2C8ReadBitsEhhhhPh                         obj\Release\12. IMU dengan DMP\main.o
_ZN5myI2C8ReadByteEhhPh                           obj\Release\12. IMU dengan DMP\main.o
_ZN5myI2C8ReadWordEhhP9Data16Bit                  obj\Release\12. IMU dengan DMP\main.o
_ZN5myI2C8WriteBitEhhhh                           obj\Release\12. IMU dengan DMP\main.o
_ZN5myI2C9ReadBytesEhhhPh                         obj\Release\12. IMU dengan DMP\main.o
_ZN5myI2C9Rep_StartEh                             obj\Release\12. IMU dengan DMP\main.o
_ZN5myI2C9WriteBitsEhhhhh                         obj\Release\12. IMU dengan DMP\main.o
_ZN5myI2C9WriteByteEhhh                           obj\Release\12. IMU dengan DMP\main.o
_ZN5myI2C9WriteWordEhhi                           obj\Release\12. IMU dengan DMP\main.o
_ZN5myLCD10HapusBarisEh                           obj\Release\12. IMU dengan DMP\main.o
_ZN5myLCD10HapusKananEh                           obj\Release\12. IMU dengan DMP\main.o
_ZN5myLCD10TulisKananEhPKc                        obj\Release\12. IMU dengan DMP\main.o
_ZN5myLCD11HapusTengahEh                          obj\Release\12. IMU dengan DMP\main.o
_ZN5myLCD11TulisTengahEhPKc                       obj\Release\12. IMU dengan DMP\main.o
_ZN5myLCD12HapusPinggirEh                         obj\Release\12. IMU dengan DMP\main.o
_ZN5myLCD12TulisPinggirEhPKc                      obj\Release\12. IMU dengan DMP\main.o
_ZN5myLCD4DataEh                                  obj\Release\12. IMU dengan DMP\main.o
_ZN5myLCD4InitEv                                  obj\Release\12. IMU dengan DMP\main.o
_ZN5myLCD4TextEPKc                                obj\Release\12. IMU dengan DMP\main.o
_ZN5myLCD5BinerEh                                 obj\Release\12. IMU dengan DMP\main.o
_ZN5myLCD5FloatEfh                                obj\Release\12. IMU dengan DMP\main.o
_ZN5myLCD5HapusEv                                 obj\Release\12. IMU dengan DMP\main.o
_ZN5myLCD5TulisEhPKc                              obj\Release\12. IMU dengan DMP\main.o
_ZN5myLCD5sByteEa                                 obj\Release\12. IMU dengan DMP\main.o
_ZN5myLCD5uByteEh                                 obj\Release\12. IMU dengan DMP\main.o
_ZN5myLCD6Angka3Ei                                obj\Release\12. IMU dengan DMP\main.o
_ZN5myLCD6Angka4Ei                                obj\Release\12. IMU dengan DMP\main.o
_ZN5myLCD6Angka5Ei                                obj\Release\12. IMU dengan DMP\main.o
_ZN5myLCD6GotoXYEhh                               obj\Release\12. IMU dengan DMP\main.o
_ZN5myLCD7Angka3uEj                               obj\Release\12. IMU dengan DMP\main.o
_ZN5myLCD7Angka4uEj                               obj\Release\12. IMU dengan DMP\main.o
_ZN5myLCD7Angka5uEj                               obj\Release\12. IMU dengan DMP\main.o
_ZN5myLCD7InitCmdEh                               obj\Release\12. IMU dengan DMP\main.o
_ZN5myLCD8PerintahEh                              obj\Release\12. IMU dengan DMP\main.o
_ZN5myLCD9BackLightEh                             obj\Release\12. IMU dengan DMP\main.o
_ZN5myLCD9HapusKiriEh                             obj\Release\12. IMU dengan DMP\main.o
_ZN5myLCD9TulisKiriEhPKc                          obj\Release\12. IMU dengan DMP\main.o
_ZN7MPU605010initializeEv                         obj\Release\12. IMU dengan DMP\main.o
_ZN7MPU605011getDHPFModeEv                        obj\Release\12. IMU dengan DMP\main.o
_ZN7MPU605011getDLPFModeEv                        obj\Release\12. IMU dengan DMP\main.o
_ZN7MPU605011getDeviceIDEv                        obj\Release\12. IMU dengan DMP\main.o
_ZN7MPU605011getFIFOByteEv                        obj\Release\12. IMU dengan DMP\main.o
_ZN7MPU605011getRotationEPiS0_S0_                 obj\Release\12. IMU dengan DMP\main.o
_ZN7MPU605011setDHPFModeEh                        obj\Release\12. IMU dengan DMP\main.o
_ZN7MPU605011setDLPFModeEh                        obj\Release\12. IMU dengan DMP\main.o
_ZN7MPU605011setDeviceIDEh                        obj\Release\12. IMU dengan DMP\main.o
_ZN7MPU605011setFIFOByteEh                        obj\Release\12. IMU dengan DMP\main.o
_ZN7MPU605012getFIFOBytesEPhh                     obj\Release\12. IMU dengan DMP\main.o
_ZN7MPU605012getFIFOCountEv                       obj\Release\12. IMU dengan DMP\main.o
_ZN7MPU605012getIntStatusEv                       obj\Release\12. IMU dengan DMP\main.o
_ZN7MPU605012getRotationXEv                       obj\Release\12. IMU dengan DMP\main.o
_ZN7MPU605012getRotationYEv                       obj\Release\12. IMU dengan DMP\main.o
_ZN7MPU605012getRotationZEv                       obj\Release\12. IMU dengan DMP\main.o
_ZN7MPU605012getXFineGainEv                       obj\Release\12. IMU dengan DMP\main.o
_ZN7MPU605012getYFineGainEv                       obj\Release\12. IMU dengan DMP\main.o
_ZN7MPU605012getZFineGainEv                       obj\Release\12. IMU dengan DMP\main.o
_ZN7MPU605012resetSensorsEv                       obj\Release\12. IMU dengan DMP\main.o
_ZN7MPU605012setXFineGainEa                       obj\Release\12. IMU dengan DMP\main.o
_ZN7MPU605012setYFineGainEa                       obj\Release\12. IMU dengan DMP\main.o
_ZN7MPU605012setZFineGainEa                       obj\Release\12. IMU dengan DMP\main.o
_ZN7MPU605013getDMPConfig1Ev                      obj\Release\12. IMU dengan DMP\main.o
_ZN7MPU605013getDMPConfig2Ev                      obj\Release\12. IMU dengan DMP\main.o
_ZN7MPU605013getDMPEnabledEv                      obj\Release\12. IMU dengan DMP\main.o
_ZN7MPU605013getIntEnabledEv                      obj\Release\12. IMU dengan DMP\main.o
_ZN7MPU605013getSlave0NackEv                      obj\Release\12. IMU dengan DMP\main.o
_ZN7MPU605013getSlave1NackEv                      obj\Release\12. IMU dengan DMP\main.o
_ZN7MPU605013getSlave2NackEv                      obj\Release\12. IMU dengan DMP\main.o
_ZN7MPU605013getSlave3NackEv                      obj\Release\12. IMU dengan DMP\main.o
_ZN7MPU605013getSlave4NackEv                      obj\Release\12. IMU dengan DMP\main.o
_ZN7MPU605013setDMPConfig1Eh                      obj\Release\12. IMU dengan DMP\main.o
_ZN7MPU605013setDMPConfig2Eh                      obj\Release\12. IMU dengan DMP\main.o
_ZN7MPU605013setDMPEnabledEh                      obj\Release\12. IMU dengan DMP\main.o
_ZN7MPU605013setIntEnabledEh                      obj\Release\12. IMU dengan DMP\main.o
_ZN7MPU605013setMemoryBankEhhh                    obj\Release\12. IMU dengan DMP\main.o
_ZN7MPU605014getClockSourceEv                     obj\Release\12. IMU dengan DMP\main.o
_ZN7MPU605014getFIFOEnabledEv                     obj\Release\12. IMU dengan DMP\main.o
_ZN7MPU605014getTemperatureEv                     obj\Release\12. IMU dengan DMP\main.o
_ZN7MPU605014getXGyroOffsetEv                     obj\Release\12. IMU dengan DMP\main.o
_ZN7MPU605014getYGyroOffsetEv                     obj\Release\12. IMU dengan DMP\main.o
_ZN7MPU605014getZGyroOffsetEv                     obj\Release\12. IMU dengan DMP\main.o
_ZN7MPU605014readMemoryByteEv                     obj\Release\12. IMU dengan DMP\main.o
_ZN7MPU605014resetI2CMasterEv                     obj\Release\12. IMU dengan DMP\main.o
_ZN7MPU605014setClockSourceEh                     obj\Release\12. IMU dengan DMP\main.o
_ZN7MPU605014setFIFOEnabledEh                     obj\Release\12. IMU dengan DMP\main.o
_ZN7MPU605014setXGyroOffsetEi                     obj\Release\12. IMU dengan DMP\main.o
_ZN7MPU605014setYGyroOffsetEi                     obj\Release\12. IMU dengan DMP\main.o
_ZN7MPU605014setZGyroOffsetEi                     obj\Release\12. IMU dengan DMP\main.o
_ZN7MPU605014testConnectionEv                     obj\Release\12. IMU dengan DMP\main.o
_ZN7MPU605015getAccelerationEPiS0_S0_             obj\Release\12. IMU dengan DMP\main.o
_ZN7MPU605015getIntDMPStatusEv                    obj\Release\12. IMU dengan DMP\main.o
_ZN7MPU605015getOTPBankValidEv                    obj\Release\12. IMU dengan DMP\main.o
_ZN7MPU605015getSlave4IsDoneEv                    obj\Release\12. IMU dengan DMP\main.o
_ZN7MPU605015getSlaveAddressEh                    obj\Release\12. IMU dengan DMP\main.o
_ZN7MPU605015getSlaveEnabledEh                    obj\Release\12. IMU dengan DMP\main.o
_ZN7MPU605015getSleepEnabledEv                    obj\Release\12. IMU dengan DMP\main.o
_ZN7MPU605015getXAccelOffsetEv                    obj\Release\12. IMU dengan DMP\main.o
_ZN7MPU605015getYAccelOffsetEv                    obj\Release\12. IMU dengan DMP\main.o
_ZN7MPU605015getZAccelOffsetEv                    obj\Release\12. IMU dengan DMP\main.o
_ZN7MPU605015readMemoryBlockEPhjhh                obj\Release\12. IMU dengan DMP\main.o
_ZN7MPU605015setOTPBankValidEh                    obj\Release\12. IMU dengan DMP\main.o
_ZN7MPU605015setSlaveAddressEhh                   obj\Release\12. IMU dengan DMP\main.o
_ZN7MPU605015setSlaveEnabledEhh                   obj\Release\12. IMU dengan DMP\main.o
_ZN7MPU605015setSleepEnabledEh                    obj\Release\12. IMU dengan DMP\main.o
_ZN7MPU605015setXAccelOffsetEi                    obj\Release\12. IMU dengan DMP\main.o
_ZN7MPU605015setYAccelOffsetEi                    obj\Release\12. IMU dengan DMP\main.o
_ZN7MPU605015setZAccelOffsetEi                    obj\Release\12. IMU dengan DMP\main.o
_ZN7MPU605015writeMemoryByteEh                    obj\Release\12. IMU dengan DMP\main.o
_ZN7MPU605016getAccelerationXEv                   obj\Release\12. IMU dengan DMP\main.o
_ZN7MPU605016getAccelerationYEv                   obj\Release\12. IMU dengan DMP\main.o
_ZN7MPU605016getAccelerationZEv                   obj\Release\12. IMU dengan DMP\main.o
_ZN7MPU605016getAuxVDDIOLevelEv                   obj\Release\12. IMU dengan DMP\main.o
_ZN7MPU605016getDMPInt0StatusEv                   obj\Release\12. IMU dengan DMP\main.o
_ZN7MPU605016getDMPInt1StatusEv                   obj\Release\12. IMU dengan DMP\main.o
_ZN7MPU605016getDMPInt2StatusEv                   obj\Release\12. IMU dengan DMP\main.o
_ZN7MPU605016getDMPInt3StatusEv                   obj\Release\12. IMU dengan DMP\main.o
_ZN7MPU605016getDMPInt4StatusEv                   obj\Release\12. IMU dengan DMP\main.o
_ZN7MPU605016getDMPInt5StatusEv                   obj\Release\12. IMU dengan DMP\main.o
_ZN7MPU605016getIntDMPEnabledEv                   obj\Release\12. IMU dengan DMP\main.o
_ZN7MPU605016getInterruptModeEv                   obj\Release\12. IMU dengan DMP\main.o
_ZN7MPU605016getSlave4AddressEv                   obj\Release\12. IMU dengan DMP\main.o
_ZN7MPU605016getSlave4EnabledEv                   obj\Release\12. IMU dengan DMP\main.o
_ZN7MPU605016getSlaveRegisterEh                   obj\Release\12. IMU dengan DMP\main.o
_ZN7MPU605016getWakeFrequencyEv                   obj\Release\12. IMU dengan DMP\main.o
_ZN7MPU605016getXGyroOffsetTCEv                   obj\Release\12. IMU dengan DMP\main.o
_ZN7MPU605016getYGyroOffsetTCEv                   obj\Release\12. IMU dengan DMP\main.o
_ZN7MPU605016getZGyroOffsetTCEv                   obj\Release\12. IMU dengan DMP\main.o
_ZN7MPU605016setAuxVDDIOLevelEh                   obj\Release\12. IMU dengan DMP\main.o
_ZN7MPU605016setIntDMPEnabledEh                   obj\Release\12. IMU dengan DMP\main.o
_ZN7MPU605016setInterruptModeEh                   obj\Release\12. IMU dengan DMP\main.o
_ZN7MPU605016setSlave4AddressEh                   obj\Release\12. IMU dengan DMP\main.o
_ZN7MPU605016setSlave4EnabledEh                   obj\Release\12. IMU dengan DMP\main.o
_ZN7MPU605016setSlaveRegisterEhh                  obj\Release\12. IMU dengan DMP\main.o
_ZN7MPU605016setWakeFrequencyEh                   obj\Release\12. IMU dengan DMP\main.o
_ZN7MPU605016setXGyroOffsetTCEa                   obj\Release\12. IMU dengan DMP\main.o
_ZN7MPU605016setYGyroOffsetTCEa                   obj\Release\12. IMU dengan DMP\main.o
_ZN7MPU605016setZGyroOffsetTCEa                   obj\Release\12. IMU dengan DMP\main.o
_ZN7MPU605016switchSPIEnabledEh                   obj\Release\12. IMU dengan DMP\main.o
_ZN7MPU605016writeMemoryBlockEPKhjhhhh            obj\Release\12. IMU dengan DMP\main.o
_ZN7MPU605017getAccelXSelfTestEv                  obj\Release\12. IMU dengan DMP\main.o
_ZN7MPU605017getAccelYSelfTestEv                  obj\Release\12. IMU dengan DMP\main.o
_ZN7MPU605017getAccelZSelfTestEv                  obj\Release\12. IMU dengan DMP\main.o
_ZN7MPU605017getInterruptDriveEv                  obj\Release\12. IMU dengan DMP\main.o
_ZN7MPU605017getInterruptLatchEv                  obj\Release\12. IMU dengan DMP\main.o
_ZN7MPU605017getSlave4RegisterEv                  obj\Release\12. IMU dengan DMP\main.o
_ZN7MPU605017getSlaveWriteModeEh                  obj\Release\12. IMU dengan DMP\main.o
_ZN7MPU605017setAccelXSelfTestEh                  obj\Release\12. IMU dengan DMP\main.o
_ZN7MPU605017setAccelYSelfTestEh                  obj\Release\12. IMU dengan DMP\main.o
_ZN7MPU605017setAccelZSelfTestEh                  obj\Release\12. IMU dengan DMP\main.o
_ZN7MPU605017setInterruptDriveEh                  obj\Release\12. IMU dengan DMP\main.o
_ZN7MPU605017setInterruptLatchEh                  obj\Release\12. IMU dengan DMP\main.o
_ZN7MPU605017setSlave4RegisterEh                  obj\Release\12. IMU dengan DMP\main.o
_ZN7MPU605017setSlaveWriteModeEhh                 obj\Release\12. IMU dengan DMP\main.o
_ZN7MPU605018getIntMotionStatusEv                 obj\Release\12. IMU dengan DMP\main.o
_ZN7MPU605018getLostArbitrationEv                 obj\Release\12. IMU dengan DMP\main.o
_ZN7MPU605018getSlate4InputByteEv                 obj\Release\12. IMU dengan DMP\main.o
_ZN7MPU605018getSlave4WriteModeEv                 obj\Release\12. IMU dengan DMP\main.o
_ZN7MPU605018getSlaveDataLengthEh                 obj\Release\12. IMU dengan DMP\main.o
_ZN7MPU605018getTempFIFOEnabledEv                 obj\Release\12. IMU dengan DMP\main.o
_ZN7MPU605018resetGyroscopePathEv                 obj\Release\12. IMU dengan DMP\main.o
_ZN7MPU605018setSlave4WriteModeEh                 obj\Release\12. IMU dengan DMP\main.o
_ZN7MPU605018setSlaveDataLengthEhh                obj\Release\12. IMU dengan DMP\main.o
_ZN7MPU605018setSlaveOutputByteEhh                obj\Release\12. IMU dengan DMP\main.o
_ZN7MPU605018setTempFIFOEnabledEh                 obj\Release\12. IMU dengan DMP\main.o
_ZN7MPU605019getAccelFIFOEnabledEv                obj\Release\12. IMU dengan DMP\main.o
_ZN7MPU605019getI2CBypassEnabledEv                obj\Release\12. IMU dengan DMP\main.o
_ZN7MPU605019getIntMotionEnabledEv                obj\Release\12. IMU dengan DMP\main.o
_ZN7MPU605019getMasterClockSpeedEv                obj\Release\12. IMU dengan DMP\main.o
_ZN7MPU605019getWakeCycleEnabledEv                obj\Release\12. IMU dengan DMP\main.o
_ZN7MPU605019getXGyroFIFOEnabledEv                obj\Release\12. IMU dengan DMP\main.o
_ZN7MPU605019getYGyroFIFOEnabledEv                obj\Release\12. IMU dengan DMP\main.o
_ZN7MPU605019getZGyroFIFOEnabledEv                obj\Release\12. IMU dengan DMP\main.o
_ZN7MPU605019setAccelFIFOEnabledEh                obj\Release\12. IMU dengan DMP\main.o
_ZN7MPU605019setI2CBypassEnabledEh                obj\Release\12. IMU dengan DMP\main.o
_ZN7MPU605019setIntMotionEnabledEh                obj\Release\12. IMU dengan DMP\main.o
_ZN7MPU605019setMasterClockSpeedEh                obj\Release\12. IMU dengan DMP\main.o
_ZN7MPU605019setSlave4OutputByteEh                obj\Release\12. IMU dengan DMP\main.o
_ZN7MPU605019setWakeCycleEnabledEh                obj\Release\12. IMU dengan DMP\main.o
_ZN7MPU605019setXGyroFIFOEnabledEh                obj\Release\12. IMU dengan DMP\main.o
_ZN7MPU605019setYGyroFIFOEnabledEh                obj\Release\12. IMU dengan DMP\main.o
_ZN7MPU605019setZGyroFIFOEnabledEh                obj\Release\12. IMU dengan DMP\main.o
_ZN7MPU605020getExternalFrameSyncEv               obj\Release\12. IMU dengan DMP\main.o
_ZN7MPU605020getIntFreefallStatusEv               obj\Release\12. IMU dengan DMP\main.o
_ZN7MPU605020getIntPLLReadyStatusEv               obj\Release\12. IMU dengan DMP\main.o
_ZN7MPU605020getPassthroughStatusEv               obj\Release\12. IMU dengan DMP\main.o
_ZN7MPU605020getSlave0FIFOEnabledEv               obj\Release\12. IMU dengan DMP\main.o
_ZN7MPU605020getSlave1FIFOEnabledEv               obj\Release\12. IMU dengan DMP\main.o
_ZN7MPU605020getSlave2FIFOEnabledEv               obj\Release\12. IMU dengan DMP\main.o
_ZN7MPU605020getSlave3FIFOEnabledEv               obj\Release\12. IMU dengan DMP\main.o
_ZN7MPU605020getSlave4MasterDelayEv               obj\Release\12. IMU dengan DMP\main.o
_ZN7MPU605020getSlaveDelayEnabledEh               obj\Release\12. IMU dengan DMP\main.o
_ZN7MPU605020getSlaveWordByteSwapEh               obj\Release\12. IMU dengan DMP\main.o
_ZN7MPU605020getTempSensorEnabledEv               obj\Release\12. IMU dengan DMP\main.o
_ZN7MPU605020resetTemperaturePathEv               obj\Release\12. IMU dengan DMP\main.o
_ZN7MPU605020setExternalFrameSyncEh               obj\Release\12. IMU dengan DMP\main.o
_ZN7MPU605020setSlave0FIFOEnabledEh               obj\Release\12. IMU dengan DMP\main.o
_ZN7MPU605020setSlave1FIFOEnabledEh               obj\Release\12. IMU dengan DMP\main.o
_ZN7MPU605020setSlave2FIFOEnabledEh               obj\Release\12. IMU dengan DMP\main.o
_ZN7MPU605020setSlave3FIFOEnabledEh               obj\Release\12. IMU dengan DMP\main.o
_ZN7MPU605020setSlave4MasterDelayEh               obj\Release\12. IMU dengan DMP\main.o
_ZN7MPU605020setSlaveDelayEnabledEhh              obj\Release\12. IMU dengan DMP\main.o
_ZN7MPU605020setSlaveWordByteSwapEhh              obj\Release\12. IMU dengan DMP\main.o
_ZN7MPU605020setTempSensorEnabledEh               obj\Release\12. IMU dengan DMP\main.o
_ZN7MPU605020writeProgMemoryBlockEPKhjhhh         obj\Release\12. IMU dengan DMP\main.o
_ZN7MPU605021getClockOutputEnabledEv              obj\Release\12. IMU dengan DMP\main.o
_ZN7MPU605021getExternalSensorByteEi              obj\Release\12. IMU dengan DMP\main.o
_ZN7MPU605021getExternalSensorWordEi              obj\Release\12. IMU dengan DMP\main.o
_ZN7MPU605021getFullScaleGyroRangeEv              obj\Release\12. IMU dengan DMP\main.o
_ZN7MPU605021getIntDataReadyStatusEv              obj\Release\12. IMU dengan DMP\main.o
_ZN7MPU605021getIntFreefallEnabledEv              obj\Release\12. IMU dengan DMP\main.o
_ZN7MPU605021getIntI2CMasterStatusEv              obj\Release\12. IMU dengan DMP\main.o
_ZN7MPU605021getIntPLLReadyEnabledEv              obj\Release\12. IMU dengan DMP\main.o
_ZN7MPU605021getMultiMasterEnabledEv              obj\Release\12. IMU dengan DMP\main.o
_ZN7MPU605021getXNegMotionDetectedEv              obj\Release\12. IMU dengan DMP\main.o
_ZN7MPU605021getXPosMotionDetectedEv              obj\Release\12. IMU dengan DMP\main.o
_ZN7MPU605021getYNegMotionDetectedEv              obj\Release\12. IMU dengan DMP\main.o
_ZN7MPU605021getYPosMotionDetectedEv              obj\Release\12. IMU dengan DMP\main.o
_ZN7MPU605021getZNegMotionDetectedEv              obj\Release\12. IMU dengan DMP\main.o
_ZN7MPU605021getZPosMotionDetectedEv              obj\Release\12. IMU dengan DMP\main.o
_ZN7MPU605021getZeroMotionDetectedEv              obj\Release\12. IMU dengan DMP\main.o
_ZN7MPU605021setClockOutputEnabledEh              obj\Release\12. IMU dengan DMP\main.o
_ZN7MPU605021setFullScaleGyroRangeEh              obj\Release\12. IMU dengan DMP\main.o
_ZN7MPU605021setIntFreefallEnabledEh              obj\Release\12. IMU dengan DMP\main.o
_ZN7MPU605021setIntPLLReadyEnabledEh              obj\Release\12. IMU dengan DMP\main.o
_ZN7MPU605021setMemoryStartAddressEh              obj\Release\12. IMU dengan DMP\main.o
_ZN7MPU605021setMultiMasterEnabledEh              obj\Release\12. IMU dengan DMP\main.o
_ZN7MPU605022getExternalSensorDWordEi             obj\Release\12. IMU dengan DMP\main.o
_ZN7MPU605022getFSyncInterruptLevelEv             obj\Release\12. IMU dengan DMP\main.o
_ZN7MPU605022getFullScaleAccelRangeEv             obj\Release\12. IMU dengan DMP\main.o
_ZN7MPU605022getIntDataReadyEnabledEv             obj\Release\12. IMU dengan DMP\main.o
_ZN7MPU605022getIntI2CMasterEnabledEv             obj\Release\12. IMU dengan DMP\main.o
_ZN7MPU605022getIntZeroMotionStatusEv             obj\Release\12. IMU dengan DMP\main.o
_ZN7MPU605022getInterruptLatchClearEv             obj\Release\12. IMU dengan DMP\main.o
_ZN7MPU605022getStandbyXGyroEnabledEv             obj\Release\12. IMU dengan DMP\main.o
_ZN7MPU605022getStandbyYGyroEnabledEv             obj\Release\12. IMU dengan DMP\main.o
_ZN7MPU605022getStandbyZGyroEnabledEv             obj\Release\12. IMU dengan DMP\main.o
_ZN7MPU605022resetAccelerometerPathEv             obj\Release\12. IMU dengan DMP\main.o
_ZN7MPU605022setFSyncInterruptLevelEh             obj\Release\12. IMU dengan DMP\main.o
_ZN7MPU605022setFullScaleAccelRangeEh             obj\Release\12. IMU dengan DMP\main.o
_ZN7MPU605022setIntDataReadyEnabledEh             obj\Release\12. IMU dengan DMP\main.o
_ZN7MPU605022setIntI2CMasterEnabledEh             obj\Release\12. IMU dengan DMP\main.o
_ZN7MPU605022setInterruptLatchClearEh             obj\Release\12. IMU dengan DMP\main.o
_ZN7MPU605022setStandbyXGyroEnabledEh             obj\Release\12. IMU dengan DMP\main.o
_ZN7MPU605022setStandbyYGyroEnabledEh             obj\Release\12. IMU dengan DMP\main.o
_ZN7MPU605022setStandbyZGyroEnabledEh             obj\Release\12. IMU dengan DMP\main.o
_ZN7MPU605023getI2CMasterModeEnabledEv            obj\Release\12. IMU dengan DMP\main.o
_ZN7MPU605023getIntZeroMotionEnabledEv            obj\Release\12. IMU dengan DMP\main.o
_ZN7MPU605023getSlaveWordGroupOffsetEh            obj\Release\12. IMU dengan DMP\main.o
_ZN7MPU605023getStandbyXAccelEnabledEv            obj\Release\12. IMU dengan DMP\main.o
_ZN7MPU605023getStandbyYAccelEnabledEv            obj\Release\12. IMU dengan DMP\main.o
_ZN7MPU605023getStandbyZAccelEnabledEv            obj\Release\12. IMU dengan DMP\main.o
_ZN7MPU605023setI2CMasterModeEnabledEh            obj\Release\12. IMU dengan DMP\main.o
_ZN7MPU605023setIntZeroMotionEnabledEh            obj\Release\12. IMU dengan DMP\main.o
_ZN7MPU605023setSlaveWordGroupOffsetEhh           obj\Release\12. IMU dengan DMP\main.o
_ZN7MPU605023setStandbyXAccelEnabledEh            obj\Release\12. IMU dengan DMP\main.o
_ZN7MPU605023setStandbyYAccelEnabledEh            obj\Release\12. IMU dengan DMP\main.o
_ZN7MPU605023setStandbyZAccelEnabledEh            obj\Release\12. IMU dengan DMP\main.o
_ZN7MPU605024getFSyncInterruptEnabledEv           obj\Release\12. IMU dengan DMP\main.o
_ZN7MPU605024setFSyncInterruptEnabledEh           obj\Release\12. IMU dengan DMP\main.o
_ZN7MPU605024writeDMPConfigurationSetEPKhjh       obj\Release\12. IMU dengan DMP\main.o
_ZN7MPU605025getSlave4InterruptEnabledEv          obj\Release\12. IMU dengan DMP\main.o
_ZN7MPU605025setSlave4InterruptEnabledEh          obj\Release\12. IMU dengan DMP\main.o
_ZN7MPU605026getMotionDetectionDurationEv         obj\Release\12. IMU dengan DMP\main.o
_ZN7MPU605026setMotionDetectionDurationEh         obj\Release\12. IMU dengan DMP\main.o
_ZN7MPU605027getMotionDetectionThresholdEv        obj\Release\12. IMU dengan DMP\main.o
_ZN7MPU605027setMotionDetectionThresholdEh        obj\Release\12. IMU dengan DMP\main.o
_ZN7MPU605028getAccelerometerPowerOnDelayEv       obj\Release\12. IMU dengan DMP\main.o
_ZN7MPU605028getFreefallDetectionDurationEv       obj\Release\12. IMU dengan DMP\main.o
_ZN7MPU605028setAccelerometerPowerOnDelayEh       obj\Release\12. IMU dengan DMP\main.o
_ZN7MPU605028setFreefallDetectionDurationEh       obj\Release\12. IMU dengan DMP\main.o
_ZN7MPU605028writeProgDMPConfigurationSetEPKhj    obj\Release\12. IMU dengan DMP\main.o
_ZN7MPU605029getExternalShadowDelayEnabledEv      obj\Release\12. IMU dengan DMP\main.o
_ZN7MPU605029getFreefallDetectionThresholdEv      obj\Release\12. IMU dengan DMP\main.o
_ZN7MPU605029setExternalShadowDelayEnabledEh      obj\Release\12. IMU dengan DMP\main.o
_ZN7MPU605029setFreefallDetectionThresholdEh      obj\Release\12. IMU dengan DMP\main.o
_ZN7MPU605030getIntFIFOBufferOverflowStatusEv     obj\Release\12. IMU dengan DMP\main.o
_ZN7MPU605030getZeroMotionDetectionDurationEv     obj\Release\12. IMU dengan DMP\main.o
_ZN7MPU605030setZeroMotionDetectionDurationEh     obj\Release\12. IMU dengan DMP\main.o
_ZN7MPU605031getIntFIFOBufferOverflowEnabledEv    obj\Release\12. IMU dengan DMP\main.o
_ZN7MPU605031getWaitForExternalSensorEnabledEv    obj\Release\12. IMU dengan DMP\main.o
_ZN7MPU605031getZeroMotionDetectionThresholdEv    obj\Release\12. IMU dengan DMP\main.o
_ZN7MPU605031setIntFIFOBufferOverflowEnabledEh    obj\Release\12. IMU dengan DMP\main.o
_ZN7MPU605031setWaitForExternalSensorEnabledEh    obj\Release\12. IMU dengan DMP\main.o
_ZN7MPU605031setZeroMotionDetectionThresholdEh    obj\Release\12. IMU dengan DMP\main.o
_ZN7MPU605034getMotionDetectionCounterDecrementEv obj\Release\12. IMU dengan DMP\main.o
_ZN7MPU605034getSlaveReadWriteTransitionEnabledEv obj\Release\12. IMU dengan DMP\main.o
_ZN7MPU605034setMotionDetectionCounterDecrementEh obj\Release\12. IMU dengan DMP\main.o
_ZN7MPU605034setSlaveReadWriteTransitionEnabledEh obj\Release\12. IMU dengan DMP\main.o
_ZN7MPU605036getFreefallDetectionCounterDecrementEv obj\Release\12. IMU dengan DMP\main.o
_ZN7MPU605036setFreefallDetectionCounterDecrementEh obj\Release\12. IMU dengan DMP\main.o
_ZN7MPU60505resetEv                               obj\Release\12. IMU dengan DMP\main.o
_ZN7MPU60507getRateEv                             obj\Release\12. IMU dengan DMP\main.o
_ZN7MPU60507setRateEh                             obj\Release\12. IMU dengan DMP\main.o
_ZN7MPU60508resetDMPEv                            obj\Release\12. IMU dengan DMP\main.o
_ZN7MPU60509resetFIFOEv                           obj\Release\12. IMU dengan DMP\main.o
_ZN7MPU6050C1Eh                                   obj\Release\12. IMU dengan DMP\main.o
_ZN7MPU6050C1Ev                                   obj\Release\12. IMU dengan DMP\main.o
_ZN7MPU6050C2Eh                                   obj\Release\12. IMU dengan DMP\main.o
_ZN7MPU6050C2Ev                                   obj\Release\12. IMU dengan DMP\main.o
_ZN7myMotor4StopEv                                obj\Release\12. IMU dengan DMP\main.o
_ZN7myMotor8SpeedPWMEii                           obj\Release\12. IMU dengan DMP\main.o
_ZN7myMotorC1Ev                                   obj\Release\12. IMU dengan DMP\main.o
_ZN7myMotorC2Ev                                   obj\Release\12. IMU dengan DMP\main.o
_ZN7myServo11HitungSudutEh                        obj\Release\12. IMU dengan DMP\main.o
_ZN7myServo12HitungSudut2Eh                       obj\Release\12. IMU dengan DMP\main.o
_ZN7myServoC1Ev                                   obj\Release\12. IMU dengan DMP\main.o
_ZN7myServoC2Ev                                   obj\Release\12. IMU dengan DMP\main.o
_ZN8myAdroit12PutarKiriPWMEjj                     obj\Release\12. IMU dengan DMP\main.o
_ZN8myAdroit13PutarKananPWMEjj                    obj\Release\12. IMU dengan DMP\main.o
_ZN8myAdroit4StopEv                               obj\Release\12. IMU dengan DMP\main.o
_ZN8myAdroit7MajuPWMEjj                           obj\Release\12. IMU dengan DMP\main.o
_ZN8myAdroit9MundurPWMEjj                         obj\Release\12. IMU dengan DMP\main.o
_ZN8myBuzzer12SetFrekwensiEj                      obj\Release\12. IMU dengan DMP\main.o
_ZN8myBuzzer3OffEv                                obj\Release\12. IMU dengan DMP\main.o
_ZN8myBuzzer4BeepEjj                              obj\Release\12. IMU dengan DMP\main.o
_ZN8myBuzzer5Nada1Ev                              obj\Release\12. IMU dengan DMP\main.o
_ZN8myBuzzer5Nada2Ev                              obj\Release\12. IMU dengan DMP\main.o
_ZN8myBuzzer5Nada3Ev                              obj\Release\12. IMU dengan DMP\main.o
_ZN8myBuzzer5Nada4Ev                              obj\Release\12. IMU dengan DMP\main.o
_ZN8myBuzzer9NadaErrorEv                          obj\Release\12. IMU dengan DMP\main.o
__FUSE_REGION_LENGTH__                            c:/adroit/tools/avr8-gnu-toolchain/bin/../lib/gcc/avr/5.4.0/../../../../avr/lib/avr51/crtatmega128.o
__addsf3                                          c:/adroit/tools/avr8-gnu-toolchain/bin/../lib/gcc/avr/5.4.0/../../../../avr/lib/avr51\libm.a(addsf3.o)
                                                  c:/adroit/tools/avr8-gnu-toolchain/bin/../lib/gcc/avr/5.4.0/../../../../avr/lib/avr51\libm.a(atan2.o)
                                                  obj\Release\12. IMU dengan DMP\main.o
__addsf3x                                         c:/adroit/tools/avr8-gnu-toolchain/bin/../lib/gcc/avr/5.4.0/../../../../avr/lib/avr51\libm.a(addsf3x.o)
                                                  c:/adroit/tools/avr8-gnu-toolchain/bin/../lib/gcc/avr/5.4.0/../../../../avr/lib/avr51\libm.a(fp_powser.o)
                                                  c:/adroit/tools/avr8-gnu-toolchain/bin/../lib/gcc/avr/5.4.0/../../../../avr/lib/avr51\libm.a(atan.o)
                                                  c:/adroit/tools/avr8-gnu-toolchain/bin/../lib/gcc/avr/5.4.0/../../../../avr/lib/avr51\libm.a(addsf3.o)
__bad_interrupt                                   c:/adroit/tools/avr8-gnu-toolchain/bin/../lib/gcc/avr/5.4.0/../../../../avr/lib/avr51/crtatmega128.o
__brkval                                          c:/adroit/tools/avr8-gnu-toolchain/bin/../lib/gcc/avr/5.4.0/../../../../avr/lib/avr51\libc.a(malloc.o)
                                                  c:/adroit/tools/avr8-gnu-toolchain/bin/../lib/gcc/avr/5.4.0/../../../../avr/lib/avr51\libc.a(realloc.o)
__bss_end                                         c:/adroit/tools/avr8-gnu-toolchain/bin/../lib/gcc/avr/5.4.0/avr51\libgcc.a(_clear_bss.o)
__bss_start                                       c:/adroit/tools/avr8-gnu-toolchain/bin/../lib/gcc/avr/5.4.0/avr51\libgcc.a(_clear_bss.o)
__bswapsi2                                        c:/adroit/tools/avr8-gnu-toolchain/bin/../lib/gcc/avr/5.4.0/avr51\libgcc.a(_bswapsi2.o)
                                                  obj\Release\12. IMU dengan DMP\main.o
__cmpsf2                                          c:/adroit/tools/avr8-gnu-toolchain/bin/../lib/gcc/avr/5.4.0/../../../../avr/lib/avr51\libm.a(cmpsf2.o)
__ctors_end                                       c:/adroit/tools/avr8-gnu-toolchain/bin/../lib/gcc/avr/5.4.0/avr51\libgcc.a(_ctors.o)
__ctors_start                                     c:/adroit/tools/avr8-gnu-toolchain/bin/../lib/gcc/avr/5.4.0/avr51\libgcc.a(_ctors.o)
__data_end                                        c:/adroit/tools/avr8-gnu-toolchain/bin/../lib/gcc/avr/5.4.0/avr51\libgcc.a(_copy_data.o)
__data_load_start                                 c:/adroit/tools/avr8-gnu-toolchain/bin/../lib/gcc/avr/5.4.0/avr51\libgcc.a(_copy_data.o)
__data_start                                      c:/adroit/tools/avr8-gnu-toolchain/bin/../lib/gcc/avr/5.4.0/avr51\libgcc.a(_copy_data.o)
__divmodhi4                                       c:/adroit/tools/avr8-gnu-toolchain/bin/../lib/gcc/avr/5.4.0/avr51\libgcc.a(_divmodhi4.o)
                                                  obj\Release\12. IMU dengan DMP\main.o
__divsf3                                          c:/adroit/tools/avr8-gnu-toolchain/bin/../lib/gcc/avr/5.4.0/../../../../avr/lib/avr51\libm.a(divsf3.o)
                                                  c:/adroit/tools/avr8-gnu-toolchain/bin/../lib/gcc/avr/5.4.0/../../../../avr/lib/avr51\libm.a(inverse.o)
                                                  obj\Release\12. IMU dengan DMP\main.o
__divsf3_pse                                      c:/adroit/tools/avr8-gnu-toolchain/bin/../lib/gcc/avr/5.4.0/../../../../avr/lib/avr51\libm.a(divsf3x.o)
                                                  c:/adroit/tools/avr8-gnu-toolchain/bin/../lib/gcc/avr/5.4.0/../../../../avr/lib/avr51\libm.a(atan2.o)
__divsf3x                                         c:/adroit/tools/avr8-gnu-toolchain/bin/../lib/gcc/avr/5.4.0/../../../../avr/lib/avr51\libm.a(divsf3x.o)
                                                  c:/adroit/tools/avr8-gnu-toolchain/bin/../lib/gcc/avr/5.4.0/../../../../avr/lib/avr51\libm.a(divsf3.o)
__do_clear_bss                                    c:/adroit/tools/avr8-gnu-toolchain/bin/../lib/gcc/avr/5.4.0/avr51\libgcc.a(_clear_bss.o)
                                                  c:/adroit/tools/avr8-gnu-toolchain/bin/../lib/gcc/avr/5.4.0/../../../../avr/lib/avr51\libc.a(malloc.o)
                                                  obj\Release\12. IMU dengan DMP\main.o
__do_copy_data                                    c:/adroit/tools/avr8-gnu-toolchain/bin/../lib/gcc/avr/5.4.0/avr51\libgcc.a(_copy_data.o)
                                                  c:/adroit/tools/avr8-gnu-toolchain/bin/../lib/gcc/avr/5.4.0/../../../../avr/lib/avr51\libc.a(malloc.o)
                                                  obj\Release\12. IMU dengan DMP\main.o
__do_global_ctors                                 c:/adroit/tools/avr8-gnu-toolchain/bin/../lib/gcc/avr/5.4.0/avr51\libgcc.a(_ctors.o)
                                                  obj\Release\12. IMU dengan DMP\main.o
__eqsf2                                           c:/adroit/tools/avr8-gnu-toolchain/bin/../lib/gcc/avr/5.4.0/../../../../avr/lib/avr51\libm.a(cmpsf2.o)
__fixsfsi                                         c:/adroit/tools/avr8-gnu-toolchain/bin/../lib/gcc/avr/5.4.0/../../../../avr/lib/avr51\libm.a(fixsfsi.o)
                                                  obj\Release\12. IMU dengan DMP\main.o
__fixunssfsi                                      c:/adroit/tools/avr8-gnu-toolchain/bin/../lib/gcc/avr/5.4.0/../../../../avr/lib/avr51\libm.a(fixunssfsi.o)
                                                  c:/adroit/tools/avr8-gnu-toolchain/bin/../lib/gcc/avr/5.4.0/../../../../avr/lib/avr51\libm.a(fixsfsi.o)
                                                  obj\Release\12. IMU dengan DMP\main.o
__floatsisf                                       c:/adroit/tools/avr8-gnu-toolchain/bin/../lib/gcc/avr/5.4.0/../../../../avr/lib/avr51\libm.a(floatsisf.o)
                                                  obj\Release\12. IMU dengan DMP\main.o
__floatunsisf                                     c:/adroit/tools/avr8-gnu-toolchain/bin/../lib/gcc/avr/5.4.0/../../../../avr/lib/avr51\libm.a(floatsisf.o)
__flp                                             c:/adroit/tools/avr8-gnu-toolchain/bin/../lib/gcc/avr/5.4.0/../../../../avr/lib/avr51\libc.a(malloc.o)
                                                  c:/adroit/tools/avr8-gnu-toolchain/bin/../lib/gcc/avr/5.4.0/../../../../avr/lib/avr51\libc.a(realloc.o)
__fp_cmp                                          c:/adroit/tools/avr8-gnu-toolchain/bin/../lib/gcc/avr/5.4.0/../../../../avr/lib/avr51\libm.a(fp_cmp.o)
                                                  c:/adroit/tools/avr8-gnu-toolchain/bin/../lib/gcc/avr/5.4.0/../../../../avr/lib/avr51\libm.a(gesf2.o)
                                                  c:/adroit/tools/avr8-gnu-toolchain/bin/../lib/gcc/avr/5.4.0/../../../../avr/lib/avr51\libm.a(cmpsf2.o)
__fp_inf                                          c:/adroit/tools/avr8-gnu-toolchain/bin/../lib/gcc/avr/5.4.0/../../../../avr/lib/avr51\libm.a(fp_inf.o)
                                                  c:/adroit/tools/avr8-gnu-toolchain/bin/../lib/gcc/avr/5.4.0/../../../../avr/lib/avr51\libm.a(mulsf3x.o)
                                                  c:/adroit/tools/avr8-gnu-toolchain/bin/../lib/gcc/avr/5.4.0/../../../../avr/lib/avr51\libm.a(divsf3x.o)
                                                  c:/adroit/tools/avr8-gnu-toolchain/bin/../lib/gcc/avr/5.4.0/../../../../avr/lib/avr51\libm.a(addsf3x.o)
__fp_nan                                          c:/adroit/tools/avr8-gnu-toolchain/bin/../lib/gcc/avr/5.4.0/../../../../avr/lib/avr51\libm.a(fp_nan.o)
                                                  c:/adroit/tools/avr8-gnu-toolchain/bin/../lib/gcc/avr/5.4.0/../../../../avr/lib/avr51\libm.a(mulsf3x.o)
                                                  c:/adroit/tools/avr8-gnu-toolchain/bin/../lib/gcc/avr/5.4.0/../../../../avr/lib/avr51\libm.a(divsf3x.o)
                                                  c:/adroit/tools/avr8-gnu-toolchain/bin/../lib/gcc/avr/5.4.0/../../../../avr/lib/avr51\libm.a(atan2.o)
                                                  c:/adroit/tools/avr8-gnu-toolchain/bin/../lib/gcc/avr/5.4.0/../../../../avr/lib/avr51\libm.a(addsf3x.o)
__fp_powser                                       c:/adroit/tools/avr8-gnu-toolchain/bin/../lib/gcc/avr/5.4.0/../../../../avr/lib/avr51\libm.a(fp_powser.o)
                                                  c:/adroit/tools/avr8-gnu-toolchain/bin/../lib/gcc/avr/5.4.0/../../../../avr/lib/avr51\libm.a(atan.o)
__fp_pscA                                         c:/adroit/tools/avr8-gnu-toolchain/bin/../lib/gcc/avr/5.4.0/../../../../avr/lib/avr51\libm.a(fp_pscA.o)
                                                  c:/adroit/tools/avr8-gnu-toolchain/bin/../lib/gcc/avr/5.4.0/../../../../avr/lib/avr51\libm.a(mulsf3x.o)
                                                  c:/adroit/tools/avr8-gnu-toolchain/bin/../lib/gcc/avr/5.4.0/../../../../avr/lib/avr51\libm.a(divsf3x.o)
                                                  c:/adroit/tools/avr8-gnu-toolchain/bin/../lib/gcc/avr/5.4.0/../../../../avr/lib/avr51\libm.a(atan2.o)
                                                  c:/adroit/tools/avr8-gnu-toolchain/bin/../lib/gcc/avr/5.4.0/../../../../avr/lib/avr51\libm.a(addsf3x.o)
__fp_pscB                                         c:/adroit/tools/avr8-gnu-toolchain/bin/../lib/gcc/avr/5.4.0/../../../../avr/lib/avr51\libm.a(fp_pscB.o)
                                                  c:/adroit/tools/avr8-gnu-toolchain/bin/../lib/gcc/avr/5.4.0/../../../../avr/lib/avr51\libm.a(mulsf3x.o)
                                                  c:/adroit/tools/avr8-gnu-toolchain/bin/../lib/gcc/avr/5.4.0/../../../../avr/lib/avr51\libm.a(divsf3x.o)
                                                  c:/adroit/tools/avr8-gnu-toolchain/bin/../lib/gcc/avr/5.4.0/../../../../avr/lib/avr51\libm.a(atan2.o)
                                                  c:/adroit/tools/avr8-gnu-toolchain/bin/../lib/gcc/avr/5.4.0/../../../../avr/lib/avr51\libm.a(addsf3x.o)
__fp_round                                        c:/adroit/tools/avr8-gnu-toolchain/bin/../lib/gcc/avr/5.4.0/../../../../avr/lib/avr51\libm.a(fp_round.o)
                                                  c:/adroit/tools/avr8-gnu-toolchain/bin/../lib/gcc/avr/5.4.0/../../../../avr/lib/avr51\libm.a(mulsf3.o)
                                                  c:/adroit/tools/avr8-gnu-toolchain/bin/../lib/gcc/avr/5.4.0/../../../../avr/lib/avr51\libm.a(divsf3.o)
                                                  c:/adroit/tools/avr8-gnu-toolchain/bin/../lib/gcc/avr/5.4.0/../../../../avr/lib/avr51\libm.a(atan.o)
                                                  c:/adroit/tools/avr8-gnu-toolchain/bin/../lib/gcc/avr/5.4.0/../../../../avr/lib/avr51\libm.a(atan2.o)
                                                  c:/adroit/tools/avr8-gnu-toolchain/bin/../lib/gcc/avr/5.4.0/../../../../avr/lib/avr51\libm.a(addsf3.o)
__fp_split3                                       c:/adroit/tools/avr8-gnu-toolchain/bin/../lib/gcc/avr/5.4.0/../../../../avr/lib/avr51\libm.a(fp_split3.o)
                                                  c:/adroit/tools/avr8-gnu-toolchain/bin/../lib/gcc/avr/5.4.0/../../../../avr/lib/avr51\libm.a(mulsf3x.o)
                                                  c:/adroit/tools/avr8-gnu-toolchain/bin/../lib/gcc/avr/5.4.0/../../../../avr/lib/avr51\libm.a(divsf3x.o)
                                                  c:/adroit/tools/avr8-gnu-toolchain/bin/../lib/gcc/avr/5.4.0/../../../../avr/lib/avr51\libm.a(atan2.o)
                                                  c:/adroit/tools/avr8-gnu-toolchain/bin/../lib/gcc/avr/5.4.0/../../../../avr/lib/avr51\libm.a(addsf3x.o)
__fp_splitA                                       c:/adroit/tools/avr8-gnu-toolchain/bin/../lib/gcc/avr/5.4.0/../../../../avr/lib/avr51\libm.a(fp_split3.o)
                                                  c:/adroit/tools/avr8-gnu-toolchain/bin/../lib/gcc/avr/5.4.0/../../../../avr/lib/avr51\libm.a(fixunssfsi.o)
__fp_szero                                        c:/adroit/tools/avr8-gnu-toolchain/bin/../lib/gcc/avr/5.4.0/../../../../avr/lib/avr51\libm.a(fp_zero.o)
                                                  c:/adroit/tools/avr8-gnu-toolchain/bin/../lib/gcc/avr/5.4.0/../../../../avr/lib/avr51\libm.a(mulsf3x.o)
                                                  c:/adroit/tools/avr8-gnu-toolchain/bin/../lib/gcc/avr/5.4.0/../../../../avr/lib/avr51\libm.a(fixsfsi.o)
                                                  c:/adroit/tools/avr8-gnu-toolchain/bin/../lib/gcc/avr/5.4.0/../../../../avr/lib/avr51\libm.a(divsf3x.o)
__fp_zero                                         c:/adroit/tools/avr8-gnu-toolchain/bin/../lib/gcc/avr/5.4.0/../../../../avr/lib/avr51\libm.a(fp_zero.o)
                                                  c:/adroit/tools/avr8-gnu-toolchain/bin/../lib/gcc/avr/5.4.0/../../../../avr/lib/avr51\libm.a(fixunssfsi.o)
                                                  c:/adroit/tools/avr8-gnu-toolchain/bin/../lib/gcc/avr/5.4.0/../../../../avr/lib/avr51\libm.a(atan2.o)
                                                  c:/adroit/tools/avr8-gnu-toolchain/bin/../lib/gcc/avr/5.4.0/../../../../avr/lib/avr51\libm.a(addsf3x.o)
__gesf2                                           c:/adroit/tools/avr8-gnu-toolchain/bin/../lib/gcc/avr/5.4.0/../../../../avr/lib/avr51\libm.a(gesf2.o)
__gtsf2                                           c:/adroit/tools/avr8-gnu-toolchain/bin/../lib/gcc/avr/5.4.0/../../../../avr/lib/avr51\libm.a(gesf2.o)
                                                  obj\Release\12. IMU dengan DMP\main.o
__heap_end                                        c:/adroit/tools/avr8-gnu-toolchain/bin/../lib/gcc/avr/5.4.0/../../../../avr/lib/avr51/crtatmega128.o
                                                  c:/adroit/tools/avr8-gnu-toolchain/bin/../lib/gcc/avr/5.4.0/../../../../avr/lib/avr51\libc.a(malloc.o)
__heap_start                                      c:/adroit/tools/avr8-gnu-toolchain/bin/../lib/gcc/avr/5.4.0/../../../../avr/lib/avr51\libc.a(malloc.o)
__init                                            c:/adroit/tools/avr8-gnu-toolchain/bin/../lib/gcc/avr/5.4.0/../../../../avr/lib/avr51/crtatmega128.o
__lesf2                                           c:/adroit/tools/avr8-gnu-toolchain/bin/../lib/gcc/avr/5.4.0/../../../../avr/lib/avr51\libm.a(cmpsf2.o)
__ltsf2                                           c:/adroit/tools/avr8-gnu-toolchain/bin/../lib/gcc/avr/5.4.0/../../../../avr/lib/avr51\libm.a(cmpsf2.o)
                                                  obj\Release\12. IMU dengan DMP\main.o
__malloc_heap_end                                 c:/adroit/tools/avr8-gnu-toolchain/bin/../lib/gcc/avr/5.4.0/../../../../avr/lib/avr51\libc.a(malloc.o)
                                                  c:/adroit/tools/avr8-gnu-toolchain/bin/../lib/gcc/avr/5.4.0/../../../../avr/lib/avr51\libc.a(realloc.o)
__malloc_heap_start                               c:/adroit/tools/avr8-gnu-toolchain/bin/../lib/gcc/avr/5.4.0/../../../../avr/lib/avr51\libc.a(malloc.o)
__malloc_margin                                   c:/adroit/tools/avr8-gnu-toolchain/bin/../lib/gcc/avr/5.4.0/../../../../avr/lib/avr51\libc.a(malloc.o)
                                                  c:/adroit/tools/avr8-gnu-toolchain/bin/../lib/gcc/avr/5.4.0/../../../../avr/lib/avr51\libc.a(realloc.o)
__mulsf3                                          c:/adroit/tools/avr8-gnu-toolchain/bin/../lib/gcc/avr/5.4.0/../../../../avr/lib/avr51\libm.a(mulsf3.o)
                                                  c:/adroit/tools/avr8-gnu-toolchain/bin/../lib/gcc/avr/5.4.0/../../../../avr/lib/avr51\libm.a(square.o)
                                                  obj\Release\12. IMU dengan DMP\main.o
__mulsf3_pse                                      c:/adroit/tools/avr8-gnu-toolchain/bin/../lib/gcc/avr/5.4.0/../../../../avr/lib/avr51\libm.a(mulsf3x.o)
__mulsf3x                                         c:/adroit/tools/avr8-gnu-toolchain/bin/../lib/gcc/avr/5.4.0/../../../../avr/lib/avr51\libm.a(mulsf3x.o)
                                                  c:/adroit/tools/avr8-gnu-toolchain/bin/../lib/gcc/avr/5.4.0/../../../../avr/lib/avr51\libm.a(mulsf3.o)
                                                  c:/adroit/tools/avr8-gnu-toolchain/bin/../lib/gcc/avr/5.4.0/../../../../avr/lib/avr51\libm.a(fp_powser.o)
                                                  c:/adroit/tools/avr8-gnu-toolchain/bin/../lib/gcc/avr/5.4.0/../../../../avr/lib/avr51\libm.a(atan.o)
__nesf2                                           c:/adroit/tools/avr8-gnu-toolchain/bin/../lib/gcc/avr/5.4.0/../../../../avr/lib/avr51\libm.a(cmpsf2.o)
__stack                                           c:/adroit/tools/avr8-gnu-toolchain/bin/../lib/gcc/avr/5.4.0/../../../../avr/lib/avr51/crtatmega128.o
__subsf3                                          c:/adroit/tools/avr8-gnu-toolchain/bin/../lib/gcc/avr/5.4.0/../../../../avr/lib/avr51\libm.a(addsf3.o)
                                                  obj\Release\12. IMU dengan DMP\main.o
__tablejump2__                                    c:/adroit/tools/avr8-gnu-toolchain/bin/../lib/gcc/avr/5.4.0/avr51\libgcc.a(_tablejump2.o)
                                                  c:/adroit/tools/avr8-gnu-toolchain/bin/../lib/gcc/avr/5.4.0/avr51\libgcc.a(_ctors.o)
__udivmodhi4                                      c:/adroit/tools/avr8-gnu-toolchain/bin/../lib/gcc/avr/5.4.0/avr51\libgcc.a(_udivmodhi4.o)
                                                  c:/adroit/tools/avr8-gnu-toolchain/bin/../lib/gcc/avr/5.4.0/avr51\libgcc.a(_divmodhi4.o)
                                                  obj\Release\12. IMU dengan DMP\main.o
__udivmodsi4                                      c:/adroit/tools/avr8-gnu-toolchain/bin/../lib/gcc/avr/5.4.0/avr51\libgcc.a(_udivmodsi4.o)
                                                  obj\Release\12. IMU dengan DMP\main.o
__umulhisi3                                       c:/adroit/tools/avr8-gnu-toolchain/bin/../lib/gcc/avr/5.4.0/avr51\libgcc.a(_umulhisi3.o)
                                                  obj\Release\12. IMU dengan DMP\main.o
__vector_1                                        c:/adroit/tools/avr8-gnu-toolchain/bin/../lib/gcc/avr/5.4.0/../../../../avr/lib/avr51/crtatmega128.o
__vector_10                                       c:/adroit/tools/avr8-gnu-toolchain/bin/../lib/gcc/avr/5.4.0/../../../../avr/lib/avr51/crtatmega128.o
__vector_11                                       obj\Release\12. IMU dengan DMP\main.o
                                                  c:/adroit/tools/avr8-gnu-toolchain/bin/../lib/gcc/avr/5.4.0/../../../../avr/lib/avr51/crtatmega128.o
__vector_12                                       c:/adroit/tools/avr8-gnu-toolchain/bin/../lib/gcc/avr/5.4.0/../../../../avr/lib/avr51/crtatmega128.o
__vector_13                                       c:/adroit/tools/avr8-gnu-toolchain/bin/../lib/gcc/avr/5.4.0/../../../../avr/lib/avr51/crtatmega128.o
__vector_14                                       obj\Release\12. IMU dengan DMP\main.o
                                                  c:/adroit/tools/avr8-gnu-toolchain/bin/../lib/gcc/avr/5.4.0/../../../../avr/lib/avr51/crtatmega128.o
__vector_15                                       c:/adroit/tools/avr8-gnu-toolchain/bin/../lib/gcc/avr/5.4.0/../../../../avr/lib/avr51/crtatmega128.o
__vector_16                                       c:/adroit/tools/avr8-gnu-toolchain/bin/../lib/gcc/avr/5.4.0/../../../../avr/lib/avr51/crtatmega128.o
__vector_17                                       c:/adroit/tools/avr8-gnu-toolchain/bin/../lib/gcc/avr/5.4.0/../../../../avr/lib/avr51/crtatmega128.o
__vector_18                                       c:/adroit/tools/avr8-gnu-toolchain/bin/../lib/gcc/avr/5.4.0/../../../../avr/lib/avr51/crtatmega128.o
__vector_19                                       c:/adroit/tools/avr8-gnu-toolchain/bin/../lib/gcc/avr/5.4.0/../../../../avr/lib/avr51/crtatmega128.o
__vector_2                                        c:/adroit/tools/avr8-gnu-toolchain/bin/../lib/gcc/avr/5.4.0/../../../../avr/lib/avr51/crtatmega128.o
__vector_20                                       c:/adroit/tools/avr8-gnu-toolchain/bin/../lib/gcc/avr/5.4.0/../../../../avr/lib/avr51/crtatmega128.o
__vector_21                                       c:/adroit/tools/avr8-gnu-toolchain/bin/../lib/gcc/avr/5.4.0/../../../../avr/lib/avr51/crtatmega128.o
__vector_22                                       c:/adroit/tools/avr8-gnu-toolchain/bin/../lib/gcc/avr/5.4.0/../../../../avr/lib/avr51/crtatmega128.o
__vector_23                                       c:/adroit/tools/avr8-gnu-toolchain/bin/../lib/gcc/avr/5.4.0/../../../../avr/lib/avr51/crtatmega128.o
__vector_24                                       c:/adroit/tools/avr8-gnu-toolchain/bin/../lib/gcc/avr/5.4.0/../../../../avr/lib/avr51/crtatmega128.o
__vector_25                                       c:/adroit/tools/avr8-gnu-toolchain/bin/../lib/gcc/avr/5.4.0/../../../../avr/lib/avr51/crtatmega128.o
__vector_26                                       c:/adroit/tools/avr8-gnu-toolchain/bin/../lib/gcc/avr/5.4.0/../../../../avr/lib/avr51/crtatmega128.o
__vector_27                                       c:/adroit/tools/avr8-gnu-toolchain/bin/../lib/gcc/avr/5.4.0/../../../../avr/lib/avr51/crtatmega128.o
__vector_28                                       obj\Release\12. IMU dengan DMP\main.o
                                                  c:/adroit/tools/avr8-gnu-toolchain/bin/../lib/gcc/avr/5.4.0/../../../../avr/lib/avr51/crtatmega128.o
__vector_29                                       c:/adroit/tools/avr8-gnu-toolchain/bin/../lib/gcc/avr/5.4.0/../../../../avr/lib/avr51/crtatmega128.o
__vector_3                                        c:/adroit/tools/avr8-gnu-toolchain/bin/../lib/gcc/avr/5.4.0/../../../../avr/lib/avr51/crtatmega128.o
__vector_30                                       obj\Release\12. IMU dengan DMP\main.o
                                                  c:/adroit/tools/avr8-gnu-toolchain/bin/../lib/gcc/avr/5.4.0/../../../../avr/lib/avr51/crtatmega128.o
__vector_31                                       c:/adroit/tools/avr8-gnu-toolchain/bin/../lib/gcc/avr/5.4.0/../../../../avr/lib/avr51/crtatmega128.o
__vector_32                                       c:/adroit/tools/avr8-gnu-toolchain/bin/../lib/gcc/avr/5.4.0/../../../../avr/lib/avr51/crtatmega128.o
__vector_33                                       c:/adroit/tools/avr8-gnu-toolchain/bin/../lib/gcc/avr/5.4.0/../../../../avr/lib/avr51/crtatmega128.o
__vector_34                                       c:/adroit/tools/avr8-gnu-toolchain/bin/../lib/gcc/avr/5.4.0/../../../../avr/lib/avr51/crtatmega128.o
__vector_4                                        c:/adroit/tools/avr8-gnu-toolchain/bin/../lib/gcc/avr/5.4.0/../../../../avr/lib/avr51/crtatmega128.o
__vector_5                                        c:/adroit/tools/avr8-gnu-toolchain/bin/../lib/gcc/avr/5.4.0/../../../../avr/lib/avr51/crtatmega128.o
__vector_6                                        c:/adroit/tools/avr8-gnu-toolchain/bin/../lib/gcc/avr/5.4.0/../../../../avr/lib/avr51/crtatmega128.o
__vector_7                                        obj\Release\12. IMU dengan DMP\main.o
                                                  c:/adroit/tools/avr8-gnu-toolchain/bin/../lib/gcc/avr/5.4.0/../../../../avr/lib/avr51/crtatmega128.o
__vector_8                                        obj\Release\12. IMU dengan DMP\main.o
                                                  c:/adroit/tools/avr8-gnu-toolchain/bin/../lib/gcc/avr/5.4.0/../../../../avr/lib/avr51/crtatmega128.o
__vector_9                                        obj\Release\12. IMU dengan DMP\main.o
                                                  c:/adroit/tools/avr8-gnu-toolchain/bin/../lib/gcc/avr/5.4.0/../../../../avr/lib/avr51/crtatmega128.o
__vector_default                                  c:/adroit/tools/avr8-gnu-toolchain/bin/../lib/gcc/avr/5.4.0/../../../../avr/lib/avr51/crtatmega128.o
__vectors                                         c:/adroit/tools/avr8-gnu-toolchain/bin/../lib/gcc/avr/5.4.0/../../../../avr/lib/avr51/crtatmega128.o
_div                                              c:/adroit/tools/avr8-gnu-toolchain/bin/../lib/gcc/avr/5.4.0/avr51\libgcc.a(_divmodhi4.o)
_exit                                             c:/adroit/tools/avr8-gnu-toolchain/bin/../lib/gcc/avr/5.4.0/avr51\libgcc.a(_exit.o)
adc                                               obj\Release\12. IMU dengan DMP\main.o
atan                                              c:/adroit/tools/avr8-gnu-toolchain/bin/../lib/gcc/avr/5.4.0/../../../../avr/lib/avr51\libm.a(atan.o)
                                                  c:/adroit/tools/avr8-gnu-toolchain/bin/../lib/gcc/avr/5.4.0/../../../../avr/lib/avr51\libm.a(atan2.o)
atan2                                             c:/adroit/tools/avr8-gnu-toolchain/bin/../lib/gcc/avr/5.4.0/../../../../avr/lib/avr51\libm.a(atan2.o)
                                                  obj\Release\12. IMU dengan DMP\main.o
buzzer                                            obj\Release\12. IMU dengan DMP\main.o
dServo1                                           obj\Release\12. IMU dengan DMP\main.o
dServo2                                           obj\Release\12. IMU dengan DMP\main.o
dServo3                                           obj\Release\12. IMU dengan DMP\main.o
dServo4                                           obj\Release\12. IMU dengan DMP\main.o
dServo5                                           obj\Release\12. IMU dengan DMP\main.o
exit                                              c:/adroit/tools/avr8-gnu-toolchain/bin/../lib/gcc/avr/5.4.0/avr51\libgcc.a(_exit.o)
                                                  c:/adroit/tools/avr8-gnu-toolchain/bin/../lib/gcc/avr/5.4.0/../../../../avr/lib/avr51/crtatmega128.o
free                                              c:/adroit/tools/avr8-gnu-toolchain/bin/../lib/gcc/avr/5.4.0/../../../../avr/lib/avr51\libc.a(malloc.o)
                                                  c:/adroit/tools/avr8-gnu-toolchain/bin/../lib/gcc/avr/5.4.0/../../../../avr/lib/avr51\libc.a(realloc.o)
                                                  obj\Release\12. IMU dengan DMP\main.o
i2c                                               obj\Release\12. IMU dengan DMP\main.o
imu                                               obj\Release\12. IMU dengan DMP\main.o
inverse                                           c:/adroit/tools/avr8-gnu-toolchain/bin/../lib/gcc/avr/5.4.0/../../../../avr/lib/avr51\libm.a(inverse.o)
                                                  c:/adroit/tools/avr8-gnu-toolchain/bin/../lib/gcc/avr/5.4.0/../../../../avr/lib/avr51\libm.a(atan.o)
lcd                                               obj\Release\12. IMU dengan DMP\main.o
main                                              obj\Release\12. IMU dengan DMP\main.o
                                                  c:/adroit/tools/avr8-gnu-toolchain/bin/../lib/gcc/avr/5.4.0/../../../../avr/lib/avr51/crtatmega128.o
malloc                                            c:/adroit/tools/avr8-gnu-toolchain/bin/../lib/gcc/avr/5.4.0/../../../../avr/lib/avr51\libc.a(malloc.o)
                                                  c:/adroit/tools/avr8-gnu-toolchain/bin/../lib/gcc/avr/5.4.0/../../../../avr/lib/avr51\libc.a(realloc.o)
                                                  obj\Release\12. IMU dengan DMP\main.o
memcmp                                            c:/adroit/tools/avr8-gnu-toolchain/bin/../lib/gcc/avr/5.4.0/../../../../avr/lib/avr51\libc.a(memcmp.o)
                                                  obj\Release\12. IMU dengan DMP\main.o
memcpy                                            c:/adroit/tools/avr8-gnu-toolchain/bin/../lib/gcc/avr/5.4.0/../../../../avr/lib/avr51\libc.a(memcpy.o)
                                                  c:/adroit/tools/avr8-gnu-toolchain/bin/../lib/gcc/avr/5.4.0/../../../../avr/lib/avr51\libc.a(realloc.o)
realloc                                           c:/adroit/tools/avr8-gnu-toolchain/bin/../lib/gcc/avr/5.4.0/../../../../avr/lib/avr51\libc.a(realloc.o)
                                                  obj\Release\12. IMU dengan DMP\main.o
roda                                              obj\Release\12. IMU dengan DMP\main.o
rx_buffer1                                        obj\Release\12. IMU dengan DMP\main.o
rx_buffer_overflow1                               obj\Release\12. IMU dengan DMP\main.o
rx_counter1                                       obj\Release\12. IMU dengan DMP\main.o
rx_rd_index1                                      obj\Release\12. IMU dengan DMP\main.o
rx_wr_index1                                      obj\Release\12. IMU dengan DMP\main.o
sensor                                            obj\Release\12. IMU dengan DMP\main.o
servo                                             obj\Release\12. IMU dengan DMP\main.o
square                                            c:/adroit/tools/avr8-gnu-toolchain/bin/../lib/gcc/avr/5.4.0/../../../../avr/lib/avr51\libm.a(square.o)
                                                  c:/adroit/tools/avr8-gnu-toolchain/bin/../lib/gcc/avr/5.4.0/../../../../avr/lib/avr51\libm.a(atan.o)
xxx                                               obj\Release\12. IMU dengan DMP\main.o
